stm32f4xx_hal_spi.c:3753:13:SPI_AbortRx_ISR	8	static
stm32f4xx_hal_spi.c:3786:13:SPI_AbortTx_ISR	0	static
stm32f4xx_hal_spi.c:3394:26:SPI_WaitFlagStateUntilTimeout.constprop	24	static
stm32f4xx_hal_spi.c:3444:26:SPI_EndRxTransaction	16	static
stm32f4xx_hal_spi.c:3494:26:SPI_EndRxTxTransaction	24	static
stm32f4xx_hal_spi.c:459:13:HAL_SPI_MspInit	0	static
stm32f4xx_hal_spi.c:313:19:HAL_SPI_Init	8	static
stm32f4xx_hal_spi.c:475:13:HAL_SPI_MspDeInit	0	static
stm32f4xx_hal_spi.c:415:19:HAL_SPI_DeInit	8	static
stm32f4xx_hal_spi.c:747:19:HAL_SPI_Transmit	32	static
stm32f4xx_hal_spi.c:1101:19:HAL_SPI_TransmitReceive	40	static
stm32f4xx_hal_spi.c:910:19:HAL_SPI_Receive	32	static
stm32f4xx_hal_spi.c:1320:19:HAL_SPI_Transmit_IT	0	static
stm32f4xx_hal_spi.c:1495:19:HAL_SPI_TransmitReceive_IT	12	static
stm32f4xx_hal_spi.c:1403:19:HAL_SPI_Receive_IT	12	static
stm32f4xx_hal_spi.c:1583:19:HAL_SPI_Transmit_DMA	8	static
stm32f4xx_hal_spi.c:1802:19:HAL_SPI_TransmitReceive_DMA	16	static
stm32f4xx_hal_spi.c:1689:19:HAL_SPI_Receive_DMA	16	static
stm32f4xx_hal_spi.c:1948:19:HAL_SPI_Abort	24	static
stm32f4xx_hal_spi.c:2254:19:HAL_SPI_DMAPause	0	static
stm32f4xx_hal_spi.c:2274:19:HAL_SPI_DMAResume	0	static
stm32f4xx_hal_spi.c:2294:19:HAL_SPI_DMAStop	16	static
stm32f4xx_hal_spi.c:2441:13:HAL_SPI_TxCpltCallback	0	static
stm32f4xx_hal_spi.c:2457:13:HAL_SPI_RxCpltCallback	0	static
stm32f4xx_hal_spi.c:2473:13:HAL_SPI_TxRxCpltCallback	0	static
stm32f4xx_hal_spi.c:2489:13:HAL_SPI_TxHalfCpltCallback	0	static
stm32f4xx_hal_spi.c:2834:13:SPI_DMAHalfTransmitCplt	8	static
stm32f4xx_hal_spi.c:2505:13:HAL_SPI_RxHalfCpltCallback	0	static
stm32f4xx_hal_spi.c:2852:13:SPI_DMAHalfReceiveCplt	8	static
stm32f4xx_hal_spi.c:2521:13:HAL_SPI_TxRxHalfCpltCallback	0	static
stm32f4xx_hal_spi.c:2870:13:SPI_DMAHalfTransmitReceiveCplt	8	static
stm32f4xx_hal_spi.c:2537:13:HAL_SPI_ErrorCallback	0	static
stm32f4xx_hal_spi.c:3692:13:SPI_CloseTx_ISR	16	static
stm32f4xx_hal_spi.c:3339:13:SPI_TxISR_8BIT	0	static
stm32f4xx_hal_spi.c:3364:13:SPI_TxISR_16BIT	4	static
stm32f4xx_hal_spi.c:3629:13:SPI_CloseRx_ISR	16	static
stm32f4xx_hal_spi.c:3254:13:SPI_RxISR_8BIT	0	static
stm32f4xx_hal_spi.c:3306:13:SPI_RxISR_16BIT	0	static
stm32f4xx_hal_spi.c:3534:13:SPI_CloseRxTx_ISR	16	static
stm32f4xx_hal_spi.c:3113:13:SPI_2linesTxISR_8BIT	0	static
stm32f4xx_hal_spi.c:3057:13:SPI_2linesRxISR_8BIT	0	static
stm32f4xx_hal_spi.c:3201:13:SPI_2linesTxISR_16BIT	4	static
stm32f4xx_hal_spi.c:3149:13:SPI_2linesRxISR_16BIT	4	static
stm32f4xx_hal_spi.c:2888:13:SPI_DMAError	8	static
stm32f4xx_hal_spi.c:2627:13:SPI_DMATransmitCplt	24	static
stm32f4xx_hal_spi.c:2684:13:SPI_DMAReceiveCplt	16	static
stm32f4xx_hal_spi.c:2759:13:SPI_DMATransmitReceiveCplt	16	static
stm32f4xx_hal_spi.c:2334:6:HAL_SPI_IRQHandler	32	static
stm32f4xx_hal_spi.c:2911:13:SPI_DMAAbortOnError	8	static
stm32f4xx_hal_spi.c:2555:13:HAL_SPI_AbortCpltCallback	0	static
stm32f4xx_hal_spi.c:2093:19:HAL_SPI_Abort_IT	32	static
stm32f4xx_hal_spi.c:2998:13:SPI_DMARxAbortCallback	16	static
stm32f4xx_hal_spi.c:2933:13:SPI_DMATxAbortCallback	24	static
stm32f4xx_hal_spi.c:2590:22:HAL_SPI_GetState	0	static
stm32f4xx_hal_spi.c:2602:10:HAL_SPI_GetError	0	static
