stm32f4xx_hal_exti.c:143:19:HAL_EXTI_SetConfigLine	16	static
stm32f4xx_hal_exti.c:238:19:HAL_EXTI_GetConfigLine	16	static
stm32f4xx_hal_exti.c:327:19:HAL_EXTI_ClearConfigLine	8	static
stm32f4xx_hal_exti.c:380:19:HAL_EXTI_RegisterCallback	0	static
stm32f4xx_hal_exti.c:405:19:HAL_EXTI_GetHandle	0	static
stm32f4xx_hal_exti.c:445:6:HAL_EXTI_IRQHandler	0	static
stm32f4xx_hal_exti.c:477:10:HAL_EXTI_GetPending	0	static
stm32f4xx_hal_exti.c:506:6:HAL_EXTI_ClearPending	0	static
stm32f4xx_hal_exti.c:527:6:HAL_EXTI_GenerateSWI	0	static
