stm32f4xx_hal_adc.c:663:13:HAL_ADC_MspInit	0	static
stm32f4xx_hal_adc.c:312:19:HAL_ADC_Init	16	static
stm32f4xx_hal_adc.c:678:13:HAL_ADC_MspDeInit	0	static
stm32f4xx_hal_adc.c:406:19:HAL_ADC_DeInit	16	static
stm32f4xx_hal_adc.c:717:19:HAL_ADC_Start	8	static
stm32f4xx_hal_adc.c:832:19:HAL_ADC_Stop	0	static
stm32f4xx_hal_adc.c:875:19:HAL_ADC_PollForConversion	16	static
stm32f4xx_hal_adc.c:960:19:HAL_ADC_PollForEvent	24	static
stm32f4xx_hal_adc.c:1022:19:HAL_ADC_Start_IT	8	static
stm32f4xx_hal_adc.c:1139:19:HAL_ADC_Stop_IT	0	static
stm32f4xx_hal_adc.c:1338:19:HAL_ADC_Start_DMA	24	static
stm32f4xx_hal_adc.c:1471:19:HAL_ADC_Stop_DMA	8	static
stm32f4xx_hal_adc.c:1517:10:HAL_ADC_GetValue	0	static
stm32f4xx_hal_adc.c:1529:13:HAL_ADC_ConvCpltCallback	0	static
stm32f4xx_hal_adc.c:1544:13:HAL_ADC_ConvHalfCpltCallback	0	static
stm32f4xx_hal_adc.c:2012:13:ADC_DMAHalfConvCplt	8	static
stm32f4xx_hal_adc.c:1559:13:HAL_ADC_LevelOutOfWindowCallback	0	static
stm32f4xx_hal_adc.c:1580:13:HAL_ADC_ErrorCallback	0	static
stm32f4xx_hal_adc.c:1176:6:HAL_ADC_IRQHandler	16	static
stm32f4xx_hal_adc.c:2029:13:ADC_DMAError	8	static
stm32f4xx_hal_adc.c:1943:13:ADC_DMAConvCplt	8	static
stm32f4xx_hal_adc.c:1618:19:HAL_ADC_ConfigChannel	32	static
stm32f4xx_hal_adc.c:1741:19:HAL_ADC_AnalogWDGConfig	8	static
stm32f4xx_hal_adc.c:1823:10:HAL_ADC_GetState	0	static
stm32f4xx_hal_adc.c:1835:10:HAL_ADC_GetError	0	static
