stm32f4xx_hal_flash.c:612:13:FLASH_Program_DoubleWord	8	static,ignoring_inline_asm
stm32f4xx_hal_flash.c:646:13:FLASH_Program_Word	0	static
stm32f4xx_hal_flash.c:671:13:FLASH_Program_HalfWord	0	static
stm32f4xx_hal_flash.c:713:13:FLASH_SetErrorCode	0	static
stm32f4xx_hal_flash.c:214:19:HAL_FLASH_Program_IT	24	static
stm32f4xx_hal_flash.c:384:13:HAL_FLASH_EndOfOperationCallback	0	static
stm32f4xx_hal_flash.c:401:13:HAL_FLASH_OperationErrorCallback	0	static
stm32f4xx_hal_flash.c:261:6:HAL_FLASH_IRQHandler	16	static
stm32f4xx_hal_flash.c:433:19:HAL_FLASH_Unlock	0	static
stm32f4xx_hal_flash.c:457:19:HAL_FLASH_Lock	0	static
stm32f4xx_hal_flash.c:469:19:HAL_FLASH_OB_Unlock	0	static
stm32f4xx_hal_flash.c:489:19:HAL_FLASH_OB_Lock	0	static
stm32f4xx_hal_flash.c:538:10:HAL_FLASH_GetError	0	static
stm32f4xx_hal_flash.c:552:19:FLASH_WaitForLastOperation	24	static
stm32f4xx_hal_flash.c:156:19:HAL_FLASH_Program	24	static
stm32f4xx_hal_flash.c:501:19:HAL_FLASH_OB_Launch	0	static
