stm32f4xx_hal_tim_ex.c:2346:13:TIM_CCxNChannelCmd	8	static
stm32f4xx_hal_tim_ex.c:2301:13:TIM_DMAErrorCCxN	8	static
stm32f4xx_hal_tim_ex.c:2242:13:TIM_DMADelayPulseNCplt	8	static
stm32f4xx_hal_tim_ex.c:281:13:HAL_TIMEx_HallSensor_MspInit	0	static
stm32f4xx_hal_tim_ex.c:135:19:HAL_TIMEx_HallSensor_Init	48	static
stm32f4xx_hal_tim_ex.c:296:13:HAL_TIMEx_HallSensor_MspDeInit	0	static
stm32f4xx_hal_tim_ex.c:236:19:HAL_TIMEx_HallSensor_DeInit	8	static
stm32f4xx_hal_tim_ex.c:311:19:HAL_TIMEx_HallSensor_Start	16	static
stm32f4xx_hal_tim_ex.c:364:19:HAL_TIMEx_HallSensor_Stop	8	static
stm32f4xx_hal_tim_ex.c:391:19:HAL_TIMEx_HallSensor_Start_IT	16	static
stm32f4xx_hal_tim_ex.c:447:19:HAL_TIMEx_HallSensor_Stop_IT	8	static
stm32f4xx_hal_tim_ex.c:479:19:HAL_TIMEx_HallSensor_Start_DMA	16	static
stm32f4xx_hal_tim_ex.c:554:19:HAL_TIMEx_HallSensor_Stop_DMA	8	static
stm32f4xx_hal_tim_ex.c:615:19:HAL_TIMEx_OCN_Start	8	static
stm32f4xx_hal_tim_ex.c:666:19:HAL_TIMEx_OCN_Stop	16	static
stm32f4xx_hal_tim_ex.c:698:19:HAL_TIMEx_OCN_Start_IT	8	static
stm32f4xx_hal_tim_ex.c:780:19:HAL_TIMEx_OCN_Stop_IT	16	static
stm32f4xx_hal_tim_ex.c:849:19:HAL_TIMEx_OCN_Start_DMA	16	static
stm32f4xx_hal_tim_ex.c:978:19:HAL_TIMEx_OCN_Stop_DMA	16	static
stm32f4xx_hal_tim_ex.c:1073:19:HAL_TIMEx_PWMN_Start	0	static
stm32f4xx_hal_tim_ex.c:1123:19:HAL_TIMEx_PWMN_Stop	0	static
stm32f4xx_hal_tim_ex.c:1155:19:HAL_TIMEx_PWMN_Start_IT	0	static
stm32f4xx_hal_tim_ex.c:1236:19:HAL_TIMEx_PWMN_Stop_IT	0	static
stm32f4xx_hal_tim_ex.c:1306:19:HAL_TIMEx_PWMN_Start_DMA	0	static
stm32f4xx_hal_tim_ex.c:1435:19:HAL_TIMEx_PWMN_Stop_DMA	0	static
stm32f4xx_hal_tim_ex.c:1520:19:HAL_TIMEx_OnePulseN_Start	24	static
stm32f4xx_hal_tim_ex.c:1569:19:HAL_TIMEx_OnePulseN_Stop	16	static
stm32f4xx_hal_tim_ex.c:1608:19:HAL_TIMEx_OnePulseN_Start_IT	24	static
stm32f4xx_hal_tim_ex.c:1663:19:HAL_TIMEx_OnePulseN_Stop_IT	16	static
stm32f4xx_hal_tim_ex.c:1742:19:HAL_TIMEx_ConfigCommutEvent	8	static
stm32f4xx_hal_tim_ex.c:1798:19:HAL_TIMEx_ConfigCommutEvent_IT	8	static
stm32f4xx_hal_tim_ex.c:1855:19:HAL_TIMEx_ConfigCommutEvent_DMA	8	static
stm32f4xx_hal_tim_ex.c:1904:19:HAL_TIMEx_MasterConfigSynchronization	12	static
stm32f4xx_hal_tim_ex.c:1965:19:HAL_TIMEx_ConfigBreakDeadTime	0	static
stm32f4xx_hal_tim_ex.c:2041:19:HAL_TIMEx_RemapConfig	0	static
stm32f4xx_hal_tim_ex.c:2097:13:HAL_TIMEx_CommutCallback	0	static
stm32f4xx_hal_tim_ex.c:2203:6:TIMEx_DMACommutationCplt	8	static
stm32f4xx_hal_tim_ex.c:2111:13:HAL_TIMEx_CommutHalfCpltCallback	0	static
stm32f4xx_hal_tim_ex.c:2222:6:TIMEx_DMACommutationHalfCplt	8	static
stm32f4xx_hal_tim_ex.c:2126:13:HAL_TIMEx_BreakCallback	0	static
stm32f4xx_hal_tim_ex.c:2159:22:HAL_TIMEx_HallSensor_GetState	0	static
stm32f4xx_hal_tim_ex.c:2174:29:HAL_TIMEx_GetChannelNState	0	static
