stm32f4xx_hal_adc.c:663:13:HAL_ADC_MspInit	0	static
stm32f4xx_hal_adc.c:312:19:HAL_ADC_Init	16	static
stm32f4xx_hal_adc.c:678:13:HAL_ADC_MspDeInit	0	static
stm32f4xx_hal_adc.c:406:19:HAL_ADC_DeInit	16	static
stm32f4xx_hal_adc.c:717:19:HAL_ADC_Start	16	static
stm32f4xx_hal_adc.c:840:19:HAL_ADC_Stop	0	static
stm32f4xx_hal_adc.c:883:19:HAL_ADC_PollForConversion	16	static
stm32f4xx_hal_adc.c:972:19:HAL_ADC_PollForEvent	24	static
stm32f4xx_hal_adc.c:1038:19:HAL_ADC_Start_IT	16	static
stm32f4xx_hal_adc.c:1163:19:HAL_ADC_Stop_IT	0	static
stm32f4xx_hal_adc.c:1362:19:HAL_ADC_Start_DMA	24	static
stm32f4xx_hal_adc.c:1510:19:HAL_ADC_Stop_DMA	8	static
stm32f4xx_hal_adc.c:1566:10:HAL_ADC_GetValue	0	static
stm32f4xx_hal_adc.c:1578:13:HAL_ADC_ConvCpltCallback	0	static
stm32f4xx_hal_adc.c:1593:13:HAL_ADC_ConvHalfCpltCallback	0	static
stm32f4xx_hal_adc.c:2061:13:ADC_DMAHalfConvCplt	8	static
stm32f4xx_hal_adc.c:1608:13:HAL_ADC_LevelOutOfWindowCallback	0	static
stm32f4xx_hal_adc.c:1629:13:HAL_ADC_ErrorCallback	0	static
stm32f4xx_hal_adc.c:1200:6:HAL_ADC_IRQHandler	16	static
stm32f4xx_hal_adc.c:2078:13:ADC_DMAError	8	static
stm32f4xx_hal_adc.c:1992:13:ADC_DMAConvCplt	8	static
stm32f4xx_hal_adc.c:1667:19:HAL_ADC_ConfigChannel	32	static
stm32f4xx_hal_adc.c:1790:19:HAL_ADC_AnalogWDGConfig	8	static
stm32f4xx_hal_adc.c:1872:10:HAL_ADC_GetState	0	static
stm32f4xx_hal_adc.c:1884:10:HAL_ADC_GetError	0	static
