stm32f4xx_hal_uart.c:2735:13:UART_EndRxTransfer	0	static
stm32f4xx_hal_uart.c:3062:13:UART_SetConfig	16	static
stm32f4xx_hal_uart.c:2689:26:UART_WaitOnFlagUntilTimeout.constprop	24	static
stm32f4xx_hal_uart.c:669:13:HAL_UART_MspInit	0	static
stm32f4xx_hal_uart.c:317:19:HAL_UART_Init	8	static
stm32f4xx_hal_uart.c:394:19:HAL_HalfDuplex_Init	8	static
stm32f4xx_hal_uart.c:467:19:HAL_LIN_Init	16	static
stm32f4xx_hal_uart.c:548:19:HAL_MultiProcessor_Init	16	static
stm32f4xx_hal_uart.c:684:13:HAL_UART_MspDeInit	0	static
stm32f4xx_hal_uart.c:625:19:HAL_UART_DeInit	8	static
stm32f4xx_hal_uart.c:1024:19:HAL_UART_Transmit	32	static
stm32f4xx_hal_uart.c:1110:19:HAL_UART_Receive	32	static
stm32f4xx_hal_uart.c:1201:19:HAL_UART_Transmit_IT	0	static
stm32f4xx_hal_uart.c:1246:19:HAL_UART_Receive_IT	8	static
stm32f4xx_hal_uart.c:1298:19:HAL_UART_Transmit_DMA	16	static
stm32f4xx_hal_uart.c:1366:19:HAL_UART_Receive_DMA	24	static
stm32f4xx_hal_uart.c:1433:19:HAL_UART_DMAPause	0	static
stm32f4xx_hal_uart.c:1470:19:HAL_UART_DMAResume	8	static
stm32f4xx_hal_uart.c:1506:19:HAL_UART_DMAStop	8	static
stm32f4xx_hal_uart.c:1558:19:HAL_UART_Abort	8	static
stm32f4xx_hal_uart.c:1640:19:HAL_UART_AbortTransmit	8	static
stm32f4xx_hal_uart.c:1691:19:HAL_UART_AbortReceive	8	static
stm32f4xx_hal_uart.c:2166:13:HAL_UART_TxCpltCallback	0	static
stm32f4xx_hal_uart.c:2541:13:UART_DMATransmitCplt	8	static
stm32f4xx_hal_uart.c:2181:13:HAL_UART_TxHalfCpltCallback	0	static
stm32f4xx_hal_uart.c:2576:13:UART_DMATxHalfCplt	8	static
stm32f4xx_hal_uart.c:2196:13:HAL_UART_RxCpltCallback	0	static
stm32f4xx_hal_uart.c:2595:13:UART_DMAReceiveCplt	8	static
stm32f4xx_hal_uart.c:2991:26:UART_Receive_IT	8	static
stm32f4xx_hal_uart.c:2211:13:HAL_UART_RxHalfCpltCallback	0	static
stm32f4xx_hal_uart.c:2629:13:UART_DMARxHalfCplt	8	static
stm32f4xx_hal_uart.c:2226:13:HAL_UART_ErrorCallback	0	static
stm32f4xx_hal_uart.c:2648:13:UART_DMAError	8	static
stm32f4xx_hal_uart.c:2020:6:HAL_UART_IRQHandler	16	static
stm32f4xx_hal_uart.c:2752:13:UART_DMAAbortOnError	8	static
stm32f4xx_hal_uart.c:2240:13:HAL_UART_AbortCpltCallback	0	static
stm32f4xx_hal_uart.c:1745:19:HAL_UART_Abort_IT	8	static
stm32f4xx_hal_uart.c:2821:13:UART_DMARxAbortCallback	8	static
stm32f4xx_hal_uart.c:2776:13:UART_DMATxAbortCallback	8	static
stm32f4xx_hal_uart.c:2255:13:HAL_UART_AbortTransmitCpltCallback	0	static
stm32f4xx_hal_uart.c:1873:19:HAL_UART_AbortTransmit_IT	8	static
stm32f4xx_hal_uart.c:2866:13:UART_DMATxOnlyAbortCallback	8	static
stm32f4xx_hal_uart.c:2270:13:HAL_UART_AbortReceiveCpltCallback	0	static
stm32f4xx_hal_uart.c:1950:19:HAL_UART_AbortReceive_IT	8	static
stm32f4xx_hal_uart.c:2894:13:UART_DMARxOnlyAbortCallback	8	static
stm32f4xx_hal_uart.c:2309:19:HAL_LIN_SendBreak	0	static
stm32f4xx_hal_uart.c:2336:19:HAL_MultiProcessor_EnterMuteMode	0	static
stm32f4xx_hal_uart.c:2363:19:HAL_MultiProcessor_ExitMuteMode	0	static
stm32f4xx_hal_uart.c:2390:19:HAL_HalfDuplex_EnableTransmitter	0	static
stm32f4xx_hal_uart.c:2425:19:HAL_HalfDuplex_EnableReceiver	0	static
stm32f4xx_hal_uart.c:2482:23:HAL_UART_GetState	0	static
stm32f4xx_hal_uart.c:2497:10:HAL_UART_GetError	0	static
