Archive member included to satisfy reference by file (symbol)

c:/st/stm32cubeide_1.2.0/stm32cubeide/plugins/com.st.stm32cube.ide.mcu.externaltools.gnu-tools-for-stm32.7-2018-q2-update.win32_1.0.0.201904181610/tools/bin/../lib/gcc/arm-none-eabi/7.3.1/../../../../arm-none-eabi/lib/thumb/v7e-m/fpv4-sp/hard\libstdc++_nano.a(new_op.o)
                              Core/Src/PrefrenceWriter.o (operator new(unsigned int))
c:/st/stm32cubeide_1.2.0/stm32cubeide/plugins/com.st.stm32cube.ide.mcu.externaltools.gnu-tools-for-stm32.7-2018-q2-update.win32_1.0.0.201904181610/tools/bin/../lib/gcc/arm-none-eabi/7.3.1/../../../../arm-none-eabi/lib/thumb/v7e-m/fpv4-sp/hard\libstdc++_nano.a(new_handler.o)
                              c:/st/stm32cubeide_1.2.0/stm32cubeide/plugins/com.st.stm32cube.ide.mcu.externaltools.gnu-tools-for-stm32.7-2018-q2-update.win32_1.0.0.201904181610/tools/bin/../lib/gcc/arm-none-eabi/7.3.1/../../../../arm-none-eabi/lib/thumb/v7e-m/fpv4-sp/hard\libstdc++_nano.a(new_op.o) (std::get_new_handler())
c:/st/stm32cubeide_1.2.0/stm32cubeide/plugins/com.st.stm32cube.ide.mcu.externaltools.gnu-tools-for-stm32.7-2018-q2-update.win32_1.0.0.201904181610/tools/bin/../lib/gcc/arm-none-eabi/7.3.1/../../../../arm-none-eabi/lib/thumb/v7e-m/fpv4-sp/hard\libm.a(lib_a-sf_fmax.o)
                              Core/Src/math_ops.o (fmaxf)
c:/st/stm32cubeide_1.2.0/stm32cubeide/plugins/com.st.stm32cube.ide.mcu.externaltools.gnu-tools-for-stm32.7-2018-q2-update.win32_1.0.0.201904181610/tools/bin/../lib/gcc/arm-none-eabi/7.3.1/../../../../arm-none-eabi/lib/thumb/v7e-m/fpv4-sp/hard\libm.a(lib_a-sf_fmin.o)
                              Core/Src/math_ops.o (fminf)
c:/st/stm32cubeide_1.2.0/stm32cubeide/plugins/com.st.stm32cube.ide.mcu.externaltools.gnu-tools-for-stm32.7-2018-q2-update.win32_1.0.0.201904181610/tools/bin/../lib/gcc/arm-none-eabi/7.3.1/../../../../arm-none-eabi/lib/thumb/v7e-m/fpv4-sp/hard\libm.a(lib_a-sf_fpclassify.o)
                              c:/st/stm32cubeide_1.2.0/stm32cubeide/plugins/com.st.stm32cube.ide.mcu.externaltools.gnu-tools-for-stm32.7-2018-q2-update.win32_1.0.0.201904181610/tools/bin/../lib/gcc/arm-none-eabi/7.3.1/../../../../arm-none-eabi/lib/thumb/v7e-m/fpv4-sp/hard\libm.a(lib_a-sf_fmax.o) (__fpclassifyf)
c:/st/stm32cubeide_1.2.0/stm32cubeide/plugins/com.st.stm32cube.ide.mcu.externaltools.gnu-tools-for-stm32.7-2018-q2-update.win32_1.0.0.201904181610/tools/bin/../lib/gcc/arm-none-eabi/7.3.1/../../../../arm-none-eabi/lib/thumb/v7e-m/fpv4-sp/hard\libm.a(lib_a-w_sqrt.o)
                              Core/Src/math_ops.o (sqrt)
c:/st/stm32cubeide_1.2.0/stm32cubeide/plugins/com.st.stm32cube.ide.mcu.externaltools.gnu-tools-for-stm32.7-2018-q2-update.win32_1.0.0.201904181610/tools/bin/../lib/gcc/arm-none-eabi/7.3.1/../../../../arm-none-eabi/lib/thumb/v7e-m/fpv4-sp/hard\libm.a(lib_a-e_sqrt.o)
                              c:/st/stm32cubeide_1.2.0/stm32cubeide/plugins/com.st.stm32cube.ide.mcu.externaltools.gnu-tools-for-stm32.7-2018-q2-update.win32_1.0.0.201904181610/tools/bin/../lib/gcc/arm-none-eabi/7.3.1/../../../../arm-none-eabi/lib/thumb/v7e-m/fpv4-sp/hard\libm.a(lib_a-w_sqrt.o) (__ieee754_sqrt)
c:/st/stm32cubeide_1.2.0/stm32cubeide/plugins/com.st.stm32cube.ide.mcu.externaltools.gnu-tools-for-stm32.7-2018-q2-update.win32_1.0.0.201904181610/tools/bin/../lib/gcc/arm-none-eabi/7.3.1/../../../../arm-none-eabi/lib/thumb/v7e-m/fpv4-sp/hard\libm.a(lib_a-s_lib_ver.o)
                              c:/st/stm32cubeide_1.2.0/stm32cubeide/plugins/com.st.stm32cube.ide.mcu.externaltools.gnu-tools-for-stm32.7-2018-q2-update.win32_1.0.0.201904181610/tools/bin/../lib/gcc/arm-none-eabi/7.3.1/../../../../arm-none-eabi/lib/thumb/v7e-m/fpv4-sp/hard\libm.a(lib_a-w_sqrt.o) (__fdlib_version)
c:/st/stm32cubeide_1.2.0/stm32cubeide/plugins/com.st.stm32cube.ide.mcu.externaltools.gnu-tools-for-stm32.7-2018-q2-update.win32_1.0.0.201904181610/tools/bin/../lib/gcc/arm-none-eabi/7.3.1/../../../../arm-none-eabi/lib/thumb/v7e-m/fpv4-sp/hard\libm.a(lib_a-s_matherr.o)
                              c:/st/stm32cubeide_1.2.0/stm32cubeide/plugins/com.st.stm32cube.ide.mcu.externaltools.gnu-tools-for-stm32.7-2018-q2-update.win32_1.0.0.201904181610/tools/bin/../lib/gcc/arm-none-eabi/7.3.1/../../../../arm-none-eabi/lib/thumb/v7e-m/fpv4-sp/hard\libm.a(lib_a-w_sqrt.o) (matherr)
c:/st/stm32cubeide_1.2.0/stm32cubeide/plugins/com.st.stm32cube.ide.mcu.externaltools.gnu-tools-for-stm32.7-2018-q2-update.win32_1.0.0.201904181610/tools/bin/../lib/gcc/arm-none-eabi/7.3.1/../../../../arm-none-eabi/lib/thumb/v7e-m/fpv4-sp/hard\libc_nano.a(lib_a-abort.o)
                              c:/st/stm32cubeide_1.2.0/stm32cubeide/plugins/com.st.stm32cube.ide.mcu.externaltools.gnu-tools-for-stm32.7-2018-q2-update.win32_1.0.0.201904181610/tools/bin/../lib/gcc/arm-none-eabi/7.3.1/../../../../arm-none-eabi/lib/thumb/v7e-m/fpv4-sp/hard\libstdc++_nano.a(new_op.o) (abort)
[...]
Memory Configuration

Name             Origin             Length             Attributes
RAM              0x0000000020000000 0x0000000000020000 xrw
FLASH            0x0000000008000000 0x0000000000080000 xr
*default*        0x0000000000000000 0xffffffffffffffff

Linker script and memory map

LOAD c:/st/stm32cubeide_1.2.0/stm32cubeide/plugins/com.st.stm32cube.ide.mcu.externaltools.gnu-tools-for-stm32.7-2018-q2-update.win32_1.0.0.201904181610/tools/bin/../lib/gcc/arm-none-eabi/7.3.1/thumb/v7e-m/fpv4-sp/hard/crti.o
LOAD c:/st/stm32cubeide_1.2.0/stm32cubeide/plugins/com.st.stm32cube.ide.mcu.externaltools.gnu-tools-for-stm32.7-2018-q2-update.win32_1.0.0.201904181610/tools/bin/../lib/gcc/arm-none-eabi/7.3.1/thumb/v7e-m/fpv4-sp/hard/crtbegin.o
LOAD c:/st/stm32cubeide_1.2.0/stm32cubeide/plugins/com.st.stm32cube.ide.mcu.externaltools.gnu-tools-for-stm32.7-2018-q2-update.win32_1.0.0.201904181610/tools/bin/../lib/gcc/arm-none-eabi/7.3.1/../../../../arm-none-eabi/lib/thumb/v7e-m/fpv4-sp/hard/crt0.o
LOAD Core/Src/FlashWriter.o
LOAD Core/Src/PrefrenceWriter.o
LOAD Core/Src/adc.o
LOAD Core/Src/can.o
LOAD Core/Src/flash_writer.o
LOAD Core/Src/fsm.o
LOAD Core/Src/gpio.o
LOAD Core/Src/main.o
LOAD Core/Src/math_ops.o
LOAD Core/Src/position_sensor.o
LOAD Core/Src/preference_writer.o
LOAD Core/Src/spi.o
LOAD Core/Src/stm32f4xx_flash.o
LOAD Core/Src/stm32f4xx_hal_msp.o
LOAD Core/Src/stm32f4xx_it.o
LOAD Core/Src/syscalls.o
LOAD Core/Src/sysmem.o
LOAD Core/Src/system_stm32f4xx.o
LOAD Core/Src/tim.o
LOAD Core/Src/usart.o
LOAD Core/Startup/startup_stm32f446retx.o
LOAD Drivers/STM32F4xx_HAL_Driver/Src/stm32f4xx_hal.o
LOAD Drivers/STM32F4xx_HAL_Driver/Src/stm32f4xx_hal_adc.o
LOAD Drivers/STM32F4xx_HAL_Driver/Src/stm32f4xx_hal_adc_ex.o
LOAD Drivers/STM32F4xx_HAL_Driver/Src/stm32f4xx_hal_can.o
LOAD Drivers/STM32F4xx_HAL_Driver/Src/stm32f4xx_hal_cortex.o
LOAD Drivers/STM32F4xx_HAL_Driver/Src/stm32f4xx_hal_dma.o
LOAD Drivers/STM32F4xx_HAL_Driver/Src/stm32f4xx_hal_dma_ex.o
LOAD Drivers/STM32F4xx_HAL_Driver/Src/stm32f4xx_hal_exti.o
LOAD Drivers/STM32F4xx_HAL_Driver/Src/stm32f4xx_hal_flash.o
LOAD Drivers/STM32F4xx_HAL_Driver/Src/stm32f4xx_hal_flash_ex.o
LOAD Drivers/STM32F4xx_HAL_Driver/Src/stm32f4xx_hal_flash_ramfunc.o
LOAD Drivers/STM32F4xx_HAL_Driver/Src/stm32f4xx_hal_gpio.o
LOAD Drivers/STM32F4xx_HAL_Driver/Src/stm32f4xx_hal_pwr.o
LOAD Drivers/STM32F4xx_HAL_Driver/Src/stm32f4xx_hal_pwr_ex.o
LOAD Drivers/STM32F4xx_HAL_Driver/Src/stm32f4xx_hal_rcc.o
LOAD Drivers/STM32F4xx_HAL_Driver/Src/stm32f4xx_hal_rcc_ex.o
LOAD Drivers/STM32F4xx_HAL_Driver/Src/stm32f4xx_hal_spi.o
LOAD Drivers/STM32F4xx_HAL_Driver/Src/stm32f4xx_hal_tim.o
LOAD Drivers/STM32F4xx_HAL_Driver/Src/stm32f4xx_hal_tim_ex.o
LOAD Drivers/STM32F4xx_HAL_Driver/Src/stm32f4xx_hal_uart.o
START GROUP
LOAD c:/st/stm32cubeide_1.2.0/stm32cubeide/plugins/com.st.stm32cube.ide.mcu.externaltools.gnu-tools-for-stm32.7-2018-q2-update.win32_1.0.0.201904181610/tools/bin/../lib/gcc/arm-none-eabi/7.3.1/../../../../arm-none-eabi/lib/thumb/v7e-m/fpv4-sp/hard\libstdc++_nano.a
LOAD c:/st/stm32cubeide_1.2.0/stm32cubeide/plugins/com.st.stm32cube.ide.mcu.externaltools.gnu-tools-for-stm32.7-2018-q2-update.win32_1.0.0.201904181610/tools/bin/../lib/gcc/arm-none-eabi/7.3.1/../../../../arm-none-eabi/lib/thumb/v7e-m/fpv4-sp/hard\libsupc++_nano.a
END GROUP
LOAD c:/st/stm32cubeide_1.2.0/stm32cubeide/plugins/com.st.stm32cube.ide.mcu.externaltools.gnu-tools-for-stm32.7-2018-q2-update.win32_1.0.0.201904181610/tools/bin/../lib/gcc/arm-none-eabi/7.3.1/../../../../arm-none-eabi/lib/thumb/v7e-m/fpv4-sp/hard\libstdc++_nano.a
LOAD c:/st/stm32cubeide_1.2.0/stm32cubeide/plugins/com.st.stm32cube.ide.mcu.externaltools.gnu-tools-for-stm32.7-2018-q2-update.win32_1.0.0.201904181610/tools/bin/../lib/gcc/arm-none-eabi/7.3.1/../../../../arm-none-eabi/lib/thumb/v7e-m/fpv4-sp/hard\libm.a
LOAD c:/st/stm32cubeide_1.2.0/stm32cubeide/plugins/com.st.stm32cube.ide.mcu.externaltools.gnu-tools-for-stm32.7-2018-q2-update.win32_1.0.0.201904181610/tools/bin/../lib/gcc/arm-none-eabi/7.3.1/../../../../arm-none-eabi/lib/thumb/v7e-m/fpv4-sp/hard\libc_nano.a
START GROUP
LOAD c:/st/stm32cubeide_1.2.0/stm32cubeide/plugins/com.st.stm32cube.ide.mcu.externaltools.gnu-tools-for-stm32.7-2018-q2-update.win32_1.0.0.201904181610/tools/bin/../lib/gcc/arm-none-eabi/7.3.1/thumb/v7e-m/fpv4-sp/hard\libgcc.a
LOAD c:/st/stm32cubeide_1.2.0/stm32cubeide/plugins/com.st.stm32cube.ide.mcu.externaltools.gnu-tools-for-stm32.7-2018-q2-update.win32_1.0.0.201904181610/tools/bin/../lib/gcc/arm-none-eabi/7.3.1/../../../../arm-none-eabi/lib/thumb/v7e-m/fpv4-sp/hard\libc_nano.a
END GROUP
START GROUP
LOAD c:/st/stm32cubeide_1.2.0/stm32cubeide/plugins/com.st.stm32cube.ide.mcu.externaltools.gnu-tools-for-stm32.7-2018-q2-update.win32_1.0.0.201904181610/tools/bin/../lib/gcc/arm-none-eabi/7.3.1/thumb/v7e-m/fpv4-sp/hard\libgcc.a
LOAD c:/st/stm32cubeide_1.2.0/stm32cubeide/plugins/com.st.stm32cube.ide.mcu.externaltools.gnu-tools-for-stm32.7-2018-q2-update.win32_1.0.0.201904181610/tools/bin/../lib/gcc/arm-none-eabi/7.3.1/../../../../arm-none-eabi/lib/thumb/v7e-m/fpv4-sp/hard\libc_nano.a
LOAD c:/st/stm32cubeide_1.2.0/stm32cubeide/plugins/com.st.stm32cube.ide.mcu.externaltools.gnu-tools-for-stm32.7-2018-q2-update.win32_1.0.0.201904181610/tools/bin/../lib/gcc/arm-none-eabi/7.3.1/../../../../arm-none-eabi/lib/thumb/v7e-m/fpv4-sp/hard\libnosys.a
END GROUP
START GROUP
LOAD c:/st/stm32cubeide_1.2.0/stm32cubeide/plugins/com.st.stm32cube.ide.mcu.externaltools.gnu-tools-for-stm32.7-2018-q2-update.win32_1.0.0.201904181610/tools/bin/../lib/gcc/arm-none-eabi/7.3.1/thumb/v7e-m/fpv4-sp/hard\libgcc.a
LOAD c:/st/stm32cubeide_1.2.0/stm32cubeide/plugins/com.st.stm32cube.ide.mcu.externaltools.gnu-tools-for-stm32.7-2018-q2-update.win32_1.0.0.201904181610/tools/bin/../lib/gcc/arm-none-eabi/7.3.1/../../../../arm-none-eabi/lib/thumb/v7e-m/fpv4-sp/hard\libc_nano.a
LOAD c:/st/stm32cubeide_1.2.0/stm32cubeide/plugins/com.st.stm32cube.ide.mcu.externaltools.gnu-tools-for-stm32.7-2018-q2-update.win32_1.0.0.201904181610/tools/bin/../lib/gcc/arm-none-eabi/7.3.1/../../../../arm-none-eabi/lib/thumb/v7e-m/fpv4-sp/hard\libnosys.a
END GROUP
LOAD c:/st/stm32cubeide_1.2.0/stm32cubeide/plugins/com.st.stm32cube.ide.mcu.externaltools.gnu-tools-for-stm32.7-2018-q2-update.win32_1.0.0.201904181610/tools/bin/../lib/gcc/arm-none-eabi/7.3.1/thumb/v7e-m/fpv4-sp/hard/crtend.o
LOAD c:/st/stm32cubeide_1.2.0/stm32cubeide/plugins/com.st.stm32cube.ide.mcu.externaltools.gnu-tools-for-stm32.7-2018-q2-update.win32_1.0.0.201904181610/tools/bin/../lib/gcc/arm-none-eabi/7.3.1/thumb/v7e-m/fpv4-sp/hard/crtn.o
                0x0000000020020000                _estack = (ORIGIN (RAM) + LENGTH (RAM))
                0x0000000000000200                _Min_Heap_Size = 0x200
                0x0000000000000400                _Min_Stack_Size = 0x400

.isr_vector     0x0000000008000000      0x1c4
                0x0000000008000000                . = ALIGN (0x4)
 *(.isr_vector)
 .isr_vector    0x0000000008000000      0x1c4 Core/Startup/startup_stm32f446retx.o
                0x0000000008000000                g_pfnVectors
                0x00000000080001c4                . = ALIGN (0x4)

.text           0x00000000080001d0     0x89c4
                0x00000000080001d0                . = ALIGN (0x4)
 *(.text)
 .text          0x00000000080001d0       0x40 c:/st/stm32cubeide_1.2.0/stm32cubeide/plugins/com.st.stm32cube.ide.mcu.externaltools.gnu-tools-for-stm32.7-2018-q2-update.win32_1.0.0.201904181610/tools/bin/../lib/gcc/arm-none-eabi/7.3.1/thumb/v7e-m/fpv4-sp/hard/crtbegin.o
 .text          0x0000000008000210       0x10 c:/st/stm32cubeide_1.2.0/stm32cubeide/plugins/com.st.stm32cube.ide.mcu.externaltools.gnu-tools-for-stm32.7-2018-q2-update.win32_1.0.0.201904181610/tools/bin/../lib/gcc/arm-none-eabi/7.3.1/../../../../arm-none-eabi/lib/thumb/v7e-m/fpv4-sp/hard\libc_nano.a(lib_a-strlen.o)
                0x0000000008000210                strlen
 .text          0x0000000008000220       0xa0 c:/st/stm32cubeide_1.2.0/stm32cubeide/plugins/com.st.stm32cube.ide.mcu.externaltools.gnu-tools-for-stm32.7-2018-q2-update.win32_1.0.0.201904181610/tools/bin/../lib/gcc/arm-none-eabi/7.3.1/../../../../arm-none-eabi/lib/thumb/v7e-m/fpv4-sp/hard\libc_nano.a(lib_a-memchr.o)
                0x0000000008000220                memchr
 .text          0x00000000080002c0      0x378 c:/st/stm32cubeide_1.2.0/stm32cubeide/plugins/com.st.stm32cube.ide.mcu.externaltools.gnu-tools-for-stm32.7-2018-q2-update.win32_1.0.0.201904181610/tools/bin/../lib/gcc/arm-none-eabi/7.3.1/thumb/v7e-m/fpv4-sp/hard\libgcc.a(_arm_addsubdf3.o)
                0x00000000080002c0                __aeabi_drsub
                0x00000000080002c8                __aeabi_dsub
                0x00000000080002c8                __subdf3
                0x00000000080002cc                __aeabi_dadd
                0x00000000080002cc                __adddf3
                0x0000000008000544                __floatunsidf
                0x0000000008000544                __aeabi_ui2d
                0x0000000008000564                __floatsidf
                0x0000000008000564                __aeabi_i2d
                0x0000000008000588                __aeabi_f2d
                0x0000000008000588                __extendsfdf2
                0x00000000080005cc                __floatundidf
                0x00000000080005cc                __aeabi_ul2d
                0x00000000080005dc                __floatdidf
                0x00000000080005dc                __aeabi_l2d
 .text          0x0000000008000638      0x424 c:/st/stm32cubeide_1.2.0/stm32cubeide/plugins/com.st.stm32cube.ide.mcu.externaltools.gnu-tools-for-stm32.7-2018-q2-update.win32_1.0.0.201904181610/tools/bin/../lib/gcc/arm-none-eabi/7.3.1/thumb/v7e-m/fpv4-sp/hard\libgcc.a(_arm_muldivdf3.o)
                0x0000000008000638                __aeabi_dmul
                0x0000000008000638                __muldf3
                0x000000000800088c                __divdf3
                0x000000000800088c                __aeabi_ddiv
 .text          0x0000000008000a5c      0x110 c:/st/stm32cubeide_1.2.0/stm32cubeide/plugins/com.st.stm32cube.ide.mcu.externaltools.gnu-tools-for-stm32.7-2018-q2-update.win32_1.0.0.201904181610/tools/bin/../lib/gcc/arm-none-eabi/7.3.1/thumb/v7e-m/fpv4-sp/hard\libgcc.a(_arm_cmpdf2.o)
                0x0000000008000a5c                __gtdf2
                0x0000000008000a5c                __gedf2
                0x0000000008000a64                __ltdf2
                0x0000000008000a64                __ledf2
                0x0000000008000a6c                __nedf2
                0x0000000008000a6c                __eqdf2
                0x0000000008000a6c                __cmpdf2
                0x0000000008000ae8                __aeabi_cdrcmple
                0x0000000008000af8                __aeabi_cdcmpeq
                0x0000000008000af8                __aeabi_cdcmple
                0x0000000008000b08                __aeabi_dcmpeq
                0x0000000008000b1c                __aeabi_dcmplt
                0x0000000008000b30                __aeabi_dcmple
                0x0000000008000b44                __aeabi_dcmpge
                0x0000000008000b58                __aeabi_dcmpgt
 .text          0x0000000008000b6c       0x2c c:/st/stm32cubeide_1.2.0/stm32cubeide/plugins/com.st.stm32cube.ide.mcu.externaltools.gnu-tools-for-stm32.7-2018-q2-update.win32_1.0.0.201904181610/tools/bin/../lib/gcc/arm-none-eabi/7.3.1/thumb/v7e-m/fpv4-sp/hard\libgcc.a(_arm_unorddf2.o)
                0x0000000008000b6c                __unorddf2
                0x0000000008000b6c                __aeabi_dcmpun
 .text          0x0000000008000b98       0x50 c:/st/stm32cubeide_1.2.0/stm32cubeide/plugins/com.st.stm32cube.ide.mcu.externaltools.gnu-tools-for-stm32.7-2018-q2-update.win32_1.0.0.201904181610/tools/bin/../lib/gcc/arm-none-eabi/7.3.1/thumb/v7e-m/fpv4-sp/hard\libgcc.a(_arm_fixdfsi.o)
                0x0000000008000b98                __aeabi_d2iz
                0x0000000008000b98                __fixdfsi
 .text          0x0000000008000be8       0x30 c:/st/stm32cubeide_1.2.0/stm32cubeide/plugins/com.st.stm32cube.ide.mcu.externaltools.gnu-tools-for-stm32.7-2018-q2-update.win32_1.0.0.201904181610/tools/bin/../lib/gcc/arm-none-eabi/7.3.1/thumb/v7e-m/fpv4-sp/hard\libgcc.a(_aeabi_uldivmod.o)
                0x0000000008000be8                __aeabi_uldivmod
 .text          0x0000000008000c18      0x2cc c:/st/stm32cubeide_1.2.0/stm32cubeide/plugins/com.st.stm32cube.ide.mcu.externaltools.gnu-tools-for-stm32.7-2018-q2-update.win32_1.0.0.201904181610/tools/bin/../lib/gcc/arm-none-eabi/7.3.1/thumb/v7e-m/fpv4-sp/hard\libgcc.a(_udivmoddi4.o)
                0x0000000008000c18                __udivmoddi4
 .text          0x0000000008000ee4        0x4 c:/st/stm32cubeide_1.2.0/stm32cubeide/plugins/com.st.stm32cube.ide.mcu.externaltools.gnu-tools-for-stm32.7-2018-q2-update.win32_1.0.0.201904181610/tools/bin/../lib/gcc/arm-none-eabi/7.3.1/thumb/v7e-m/fpv4-sp/hard\libgcc.a(_dvmd_tls.o)
                0x0000000008000ee4                __aeabi_idiv0
                0x0000000008000ee4                __aeabi_ldiv0
 *(.text*)
 .text.MX_ADC1_Init
                0x0000000008000ee8       0xd0 Core/Src/adc.o
                0x0000000008000ee8                MX_ADC1_Init
 .text.MX_ADC2_Init
                0x0000000008000fb8       0x94 Core/Src/adc.o
                0x0000000008000fb8                MX_ADC2_Init
 .text.MX_ADC3_Init
                0x000000000800104c       0x94 Core/Src/adc.o
                0x000000000800104c                MX_ADC3_Init
 .text.HAL_ADC_MspInit
                0x00000000080010e0      0x148 Core/Src/adc.o
                0x00000000080010e0                HAL_ADC_MspInit
 .text.MX_CAN1_Init
                0x0000000008001228       0x6c Core/Src/can.o
                0x0000000008001228                MX_CAN1_Init
 .text.HAL_CAN_MspInit
                0x0000000008001294       0xa0 Core/Src/can.o
                0x0000000008001294                HAL_CAN_MspInit
 .text.flash_writer_init
                0x0000000008001334       0x3c Core/Src/flash_writer.o
                0x0000000008001334                flash_writer_init
 .text.flash_read_int
                0x0000000008001370       0x2c Core/Src/flash_writer.o
                0x0000000008001370                flash_read_int
 .text.flash_read_float
                0x000000000800139c       0x34 Core/Src/flash_writer.o
                0x000000000800139c                flash_read_float
 .text.run_fsm  0x00000000080013d0       0x88 Core/Src/fsm.o
                0x00000000080013d0                run_fsm
 .text.update_fsm
                0x0000000008001458      0x120 Core/Src/fsm.o
                0x0000000008001458                update_fsm
 .text.enter_menu_state
                0x0000000008001578       0x58 Core/Src/fsm.o
                0x0000000008001578                enter_menu_state
 .text.enter_setup_state
                0x00000000080015d0      0x1b4 Core/Src/fsm.o
                0x00000000080015d0                enter_setup_state
 .text.MX_GPIO_Init
                0x0000000008001784      0x108 Core/Src/gpio.o
                0x0000000008001784                MX_GPIO_Init
 .text.main     0x000000000800188c      0x210 Core/Src/main.o
                0x000000000800188c                main
 .text.SystemClock_Config
                0x0000000008001a9c       0xe4 Core/Src/main.o
                0x0000000008001a9c                SystemClock_Config
 .text.Error_Handler
                0x0000000008001b80        0xe Core/Src/main.o
                0x0000000008001b80                Error_Handler
 .text.preference_writer_init
                0x0000000008001b8e       0x22 Core/Src/preference_writer.o
                0x0000000008001b8e                preference_writer_init
 .text.preference_writer_load
                0x0000000008001bb0       0x80 Core/Src/preference_writer.o
                0x0000000008001bb0                preference_writer_load
 .text.MX_SPI1_Init
                0x0000000008001c30       0x70 Core/Src/spi.o
                0x0000000008001c30                MX_SPI1_Init
 .text.MX_SPI3_Init
                0x0000000008001ca0       0x70 Core/Src/spi.o
                0x0000000008001ca0                MX_SPI3_Init
 .text.HAL_SPI_MspInit
                0x0000000008001d10       0xfc Core/Src/spi.o
                0x0000000008001d10                HAL_SPI_MspInit
 .text.HAL_MspInit
                0x0000000008001e0c       0x50 Core/Src/stm32f4xx_hal_msp.o
                0x0000000008001e0c                HAL_MspInit
 .text.NMI_Handler
                0x0000000008001e5c        0xe Core/Src/stm32f4xx_it.o
                0x0000000008001e5c                NMI_Handler
 .text.HardFault_Handler
                0x0000000008001e6a        0x6 Core/Src/stm32f4xx_it.o
                0x0000000008001e6a                HardFault_Handler
 .text.MemManage_Handler
                0x0000000008001e70        0x6 Core/Src/stm32f4xx_it.o
                0x0000000008001e70                MemManage_Handler
 .text.BusFault_Handler
                0x0000000008001e76        0x6 Core/Src/stm32f4xx_it.o
                0x0000000008001e76                BusFault_Handler
 .text.UsageFault_Handler
                0x0000000008001e7c        0x6 Core/Src/stm32f4xx_it.o
                0x0000000008001e7c                UsageFault_Handler
 .text.SVC_Handler
                0x0000000008001e82        0xe Core/Src/stm32f4xx_it.o
                0x0000000008001e82                SVC_Handler
 .text.DebugMon_Handler
                0x0000000008001e90        0xe Core/Src/stm32f4xx_it.o
                0x0000000008001e90                DebugMon_Handler
 .text.PendSV_Handler
                0x0000000008001e9e        0xe Core/Src/stm32f4xx_it.o
                0x0000000008001e9e                PendSV_Handler
 .text.SysTick_Handler
                0x0000000008001eac        0xc Core/Src/stm32f4xx_it.o
                0x0000000008001eac                SysTick_Handler
 .text.CAN1_RX0_IRQHandler
                0x0000000008001eb8       0x14 Core/Src/stm32f4xx_it.o
                0x0000000008001eb8                CAN1_RX0_IRQHandler
 .text.TIM1_UP_TIM10_IRQHandler
                0x0000000008001ecc       0x7c Core/Src/stm32f4xx_it.o
                0x0000000008001ecc                TIM1_UP_TIM10_IRQHandler
 .text.USART2_IRQHandler
                0x0000000008001f48       0x38 Core/Src/stm32f4xx_it.o
                0x0000000008001f48                USART2_IRQHandler
 .text._read    0x0000000008001f80       0x3a Core/Src/syscalls.o
                0x0000000008001f80                _read
 .text._write   0x0000000008001fba       0x38 Core/Src/syscalls.o
                0x0000000008001fba                _write
 .text._close   0x0000000008001ff2       0x18 Core/Src/syscalls.o
                0x0000000008001ff2                _close
 .text._fstat   0x000000000800200a       0x20 Core/Src/syscalls.o
                0x000000000800200a                _fstat
 .text._isatty  0x000000000800202a       0x16 Core/Src/syscalls.o
                0x000000000800202a                _isatty
 .text._lseek   0x0000000008002040       0x1a Core/Src/syscalls.o
                0x0000000008002040                _lseek
 *fill*         0x000000000800205a        0x2 
 .text._sbrk    0x000000000800205c       0x58 Core/Src/sysmem.o
                0x000000000800205c                _sbrk
 .text.SystemInit
                0x00000000080020b4       0x2c Core/Src/system_stm32f4xx.o
                0x00000000080020b4                SystemInit
 .text.MX_TIM1_Init
                0x00000000080020e0      0x170 Core/Src/tim.o
                0x00000000080020e0                MX_TIM1_Init
 .text.HAL_TIM_Base_MspInit
                0x0000000008002250       0x50 Core/Src/tim.o
                0x0000000008002250                HAL_TIM_Base_MspInit
 .text.HAL_TIM_MspPostInit
                0x00000000080022a0       0x74 Core/Src/tim.o
                0x00000000080022a0                HAL_TIM_MspPostInit
 .text.MX_USART2_UART_Init
                0x0000000008002314       0x54 Core/Src/usart.o
                0x0000000008002314                MX_USART2_UART_Init
 .text.HAL_UART_MspInit
                0x0000000008002368       0xa0 Core/Src/usart.o
                0x0000000008002368                HAL_UART_MspInit
 .text.__io_putchar
                0x0000000008002408       0x24 Core/Src/usart.o
                0x0000000008002408                __io_putchar
 .text.HAL_UART_RxCpltCallback
                0x000000000800242c       0x24 Core/Src/usart.o
                0x000000000800242c                HAL_UART_RxCpltCallback
 .text.Reset_Handler
                0x0000000008002450       0x50 Core/Startup/startup_stm32f446retx.o
                0x0000000008002450                Reset_Handler
 .text.Default_Handler
                0x00000000080024a0        0x2 Core/Startup/startup_stm32f446retx.o
                0x00000000080024a0                RTC_Alarm_IRQHandler
                0x00000000080024a0                EXTI2_IRQHandler
                0x00000000080024a0                TIM8_CC_IRQHandler
                0x00000000080024a0                FMPI2C1_EV_IRQHandler
                0x00000000080024a0                SPI4_IRQHandler
                0x00000000080024a0                TIM1_CC_IRQHandler
                0x00000000080024a0                DMA2_Stream5_IRQHandler
                0x00000000080024a0                DMA1_Stream5_IRQHandler
                0x00000000080024a0                PVD_IRQHandler
                0x00000000080024a0                SDIO_IRQHandler
                0x00000000080024a0                TAMP_STAMP_IRQHandler
                0x00000000080024a0                CAN2_RX1_IRQHandler
                0x00000000080024a0                EXTI3_IRQHandler
                0x00000000080024a0                TIM8_TRG_COM_TIM14_IRQHandler
                0x00000000080024a0                TIM8_UP_TIM13_IRQHandler
                0x00000000080024a0                I2C3_ER_IRQHandler
                0x00000000080024a0                EXTI0_IRQHandler
                0x00000000080024a0                I2C2_EV_IRQHandler
                0x00000000080024a0                DMA1_Stream2_IRQHandler
                0x00000000080024a0                FPU_IRQHandler
                0x00000000080024a0                OTG_HS_WKUP_IRQHandler
                0x00000000080024a0                CAN2_SCE_IRQHandler
                0x00000000080024a0                DMA2_Stream2_IRQHandler
                0x00000000080024a0                SPI1_IRQHandler
                0x00000000080024a0                TIM6_DAC_IRQHandler
                0x00000000080024a0                TIM1_BRK_TIM9_IRQHandler
                0x00000000080024a0                DCMI_IRQHandler
                0x00000000080024a0                CAN2_RX0_IRQHandler
                0x00000000080024a0                DMA2_Stream3_IRQHandler
                0x00000000080024a0                SAI2_IRQHandler
                0x00000000080024a0                USART6_IRQHandler
                0x00000000080024a0                USART3_IRQHandler
                0x00000000080024a0                CAN1_RX1_IRQHandler
                0x00000000080024a0                UART5_IRQHandler
                0x00000000080024a0                DMA2_Stream0_IRQHandler
                0x00000000080024a0                TIM4_IRQHandler
                0x00000000080024a0                QUADSPI_IRQHandler
                0x00000000080024a0                I2C1_EV_IRQHandler
                0x00000000080024a0                DMA1_Stream6_IRQHandler
                0x00000000080024a0                DMA1_Stream1_IRQHandler
                0x00000000080024a0                UART4_IRQHandler
                0x00000000080024a0                TIM3_IRQHandler
                0x00000000080024a0                RCC_IRQHandler
                0x00000000080024a0                TIM8_BRK_TIM12_IRQHandler
                0x00000000080024a0                Default_Handler
                0x00000000080024a0                CEC_IRQHandler
                0x00000000080024a0                EXTI15_10_IRQHandler
                0x00000000080024a0                ADC_IRQHandler
                0x00000000080024a0                DMA1_Stream7_IRQHandler
                0x00000000080024a0                TIM7_IRQHandler
                0x00000000080024a0                CAN2_TX_IRQHandler
                0x00000000080024a0                TIM5_IRQHandler
                0x00000000080024a0                DMA2_Stream7_IRQHandler
                0x00000000080024a0                I2C3_EV_IRQHandler
                0x00000000080024a0                EXTI9_5_IRQHandler
                0x00000000080024a0                RTC_WKUP_IRQHandler
                0x00000000080024a0                SPDIF_RX_IRQHandler
                0x00000000080024a0                SPI2_IRQHandler
                0x00000000080024a0                OTG_HS_EP1_IN_IRQHandler
                0x00000000080024a0                DMA1_Stream0_IRQHandler
                0x00000000080024a0                CAN1_TX_IRQHandler
                0x00000000080024a0                FMPI2C1_ER_IRQHandler
                0x00000000080024a0                EXTI4_IRQHandler
                0x00000000080024a0                OTG_HS_EP1_OUT_IRQHandler
                0x00000000080024a0                WWDG_IRQHandler
                0x00000000080024a0                TIM2_IRQHandler
                0x00000000080024a0                OTG_FS_WKUP_IRQHandler
                0x00000000080024a0                TIM1_TRG_COM_TIM11_IRQHandler
                0x00000000080024a0                OTG_HS_IRQHandler
                0x00000000080024a0                EXTI1_IRQHandler
                0x00000000080024a0                I2C2_ER_IRQHandler
                0x00000000080024a0                DMA2_Stream1_IRQHandler
                0x00000000080024a0                CAN1_SCE_IRQHandler
                0x00000000080024a0                FLASH_IRQHandler
                0x00000000080024a0                DMA2_Stream4_IRQHandler
                0x00000000080024a0                USART1_IRQHandler
                0x00000000080024a0                OTG_FS_IRQHandler
                0x00000000080024a0                SPI3_IRQHandler
                0x00000000080024a0                DMA1_Stream4_IRQHandler
                0x00000000080024a0                I2C1_ER_IRQHandler
                0x00000000080024a0                FMC_IRQHandler
                0x00000000080024a0                DMA2_Stream6_IRQHandler
                0x00000000080024a0                SAI1_IRQHandler
                0x00000000080024a0                DMA1_Stream3_IRQHandler
 *fill*         0x00000000080024a2        0x2 
 .text.HAL_Init
                0x00000000080024a4       0x44 Drivers/STM32F4xx_HAL_Driver/Src/stm32f4xx_hal.o
                0x00000000080024a4                HAL_Init
 .text.HAL_InitTick
                0x00000000080024e8       0x60 Drivers/STM32F4xx_HAL_Driver/Src/stm32f4xx_hal.o
                0x00000000080024e8                HAL_InitTick
 .text.HAL_IncTick
                0x0000000008002548       0x28 Drivers/STM32F4xx_HAL_Driver/Src/stm32f4xx_hal.o
                0x0000000008002548                HAL_IncTick
 .text.HAL_GetTick
                0x0000000008002570       0x18 Drivers/STM32F4xx_HAL_Driver/Src/stm32f4xx_hal.o
                0x0000000008002570                HAL_GetTick
 .text.HAL_Delay
                0x0000000008002588       0x44 Drivers/STM32F4xx_HAL_Driver/Src/stm32f4xx_hal.o
                0x0000000008002588                HAL_Delay
 .text.HAL_ADC_Init
                0x00000000080025cc       0x86 Drivers/STM32F4xx_HAL_Driver/Src/stm32f4xx_hal_adc.o
                0x00000000080025cc                HAL_ADC_Init
 *fill*         0x0000000008002652        0x2 
 .text.HAL_ADC_ConfigChannel
                0x0000000008002654      0x264 Drivers/STM32F4xx_HAL_Driver/Src/stm32f4xx_hal_adc.o
                0x0000000008002654                HAL_ADC_ConfigChannel
 .text.ADC_Init
                0x00000000080028b8      0x1f8 Drivers/STM32F4xx_HAL_Driver/Src/stm32f4xx_hal_adc.o
 .text.HAL_ADCEx_MultiModeConfigChannel
                0x0000000008002ab0       0x8c Drivers/STM32F4xx_HAL_Driver/Src/stm32f4xx_hal_adc_ex.o
                0x0000000008002ab0                HAL_ADCEx_MultiModeConfigChannel
 .text.HAL_CAN_Init
                0x0000000008002b3c      0x1f6 Drivers/STM32F4xx_HAL_Driver/Src/stm32f4xx_hal_can.o
                0x0000000008002b3c                HAL_CAN_Init
 .text.HAL_CAN_IRQHandler
                0x0000000008002d32      0x362 Drivers/STM32F4xx_HAL_Driver/Src/stm32f4xx_hal_can.o
                0x0000000008002d32                HAL_CAN_IRQHandler
 .text.HAL_CAN_TxMailbox0CompleteCallback
                0x0000000008003094       0x14 Drivers/STM32F4xx_HAL_Driver/Src/stm32f4xx_hal_can.o
                0x0000000008003094                HAL_CAN_TxMailbox0CompleteCallback
 .text.HAL_CAN_TxMailbox1CompleteCallback
                0x00000000080030a8       0x14 Drivers/STM32F4xx_HAL_Driver/Src/stm32f4xx_hal_can.o
                0x00000000080030a8                HAL_CAN_TxMailbox1CompleteCallback
 .text.HAL_CAN_TxMailbox2CompleteCallback
                0x00000000080030bc       0x14 Drivers/STM32F4xx_HAL_Driver/Src/stm32f4xx_hal_can.o
                0x00000000080030bc                HAL_CAN_TxMailbox2CompleteCallback
 .text.HAL_CAN_TxMailbox0AbortCallback
                0x00000000080030d0       0x14 Drivers/STM32F4xx_HAL_Driver/Src/stm32f4xx_hal_can.o
                0x00000000080030d0                HAL_CAN_TxMailbox0AbortCallback
 .text.HAL_CAN_TxMailbox1AbortCallback
                0x00000000080030e4       0x14 Drivers/STM32F4xx_HAL_Driver/Src/stm32f4xx_hal_can.o
                0x00000000080030e4                HAL_CAN_TxMailbox1AbortCallback
 .text.HAL_CAN_TxMailbox2AbortCallback
                0x00000000080030f8       0x14 Drivers/STM32F4xx_HAL_Driver/Src/stm32f4xx_hal_can.o
                0x00000000080030f8                HAL_CAN_TxMailbox2AbortCallback
 .text.HAL_CAN_RxFifo0MsgPendingCallback
                0x000000000800310c       0x14 Drivers/STM32F4xx_HAL_Driver/Src/stm32f4xx_hal_can.o
                0x000000000800310c                HAL_CAN_RxFifo0MsgPendingCallback
 .text.HAL_CAN_RxFifo0FullCallback
                0x0000000008003120       0x14 Drivers/STM32F4xx_HAL_Driver/Src/stm32f4xx_hal_can.o
                0x0000000008003120                HAL_CAN_RxFifo0FullCallback
 .text.HAL_CAN_RxFifo1MsgPendingCallback
                0x0000000008003134       0x14 Drivers/STM32F4xx_HAL_Driver/Src/stm32f4xx_hal_can.o
                0x0000000008003134                HAL_CAN_RxFifo1MsgPendingCallback
 .text.HAL_CAN_RxFifo1FullCallback
                0x0000000008003148       0x14 Drivers/STM32F4xx_HAL_Driver/Src/stm32f4xx_hal_can.o
                0x0000000008003148                HAL_CAN_RxFifo1FullCallback
 .text.HAL_CAN_SleepCallback
                0x000000000800315c       0x14 Drivers/STM32F4xx_HAL_Driver/Src/stm32f4xx_hal_can.o
                0x000000000800315c                HAL_CAN_SleepCallback
 .text.HAL_CAN_WakeUpFromRxMsgCallback
                0x0000000008003170       0x14 Drivers/STM32F4xx_HAL_Driver/Src/stm32f4xx_hal_can.o
                0x0000000008003170                HAL_CAN_WakeUpFromRxMsgCallback
 .text.HAL_CAN_ErrorCallback
                0x0000000008003184       0x14 Drivers/STM32F4xx_HAL_Driver/Src/stm32f4xx_hal_can.o
                0x0000000008003184                HAL_CAN_ErrorCallback
 .text.__NVIC_SetPriorityGrouping
                0x0000000008003198       0x48 Drivers/STM32F4xx_HAL_Driver/Src/stm32f4xx_hal_cortex.o
 .text.__NVIC_GetPriorityGrouping
                0x00000000080031e0       0x1c Drivers/STM32F4xx_HAL_Driver/Src/stm32f4xx_hal_cortex.o
 .text.__NVIC_EnableIRQ
                0x00000000080031fc       0x3c Drivers/STM32F4xx_HAL_Driver/Src/stm32f4xx_hal_cortex.o
 .text.__NVIC_SetPriority
                0x0000000008003238       0x54 Drivers/STM32F4xx_HAL_Driver/Src/stm32f4xx_hal_cortex.o
 .text.NVIC_EncodePriority
                0x000000000800328c       0x66 Drivers/STM32F4xx_HAL_Driver/Src/stm32f4xx_hal_cortex.o
 *fill*         0x00000000080032f2        0x2 
 .text.SysTick_Config
                0x00000000080032f4       0x44 Drivers/STM32F4xx_HAL_Driver/Src/stm32f4xx_hal_cortex.o
 .text.HAL_NVIC_SetPriorityGrouping
                0x0000000008003338       0x16 Drivers/STM32F4xx_HAL_Driver/Src/stm32f4xx_hal_cortex.o
                0x0000000008003338                HAL_NVIC_SetPriorityGrouping
 .text.HAL_NVIC_SetPriority
                0x000000000800334e       0x38 Drivers/STM32F4xx_HAL_Driver/Src/stm32f4xx_hal_cortex.o
                0x000000000800334e                HAL_NVIC_SetPriority
 .text.HAL_NVIC_EnableIRQ
                0x0000000008003386       0x1c Drivers/STM32F4xx_HAL_Driver/Src/stm32f4xx_hal_cortex.o
                0x0000000008003386                HAL_NVIC_EnableIRQ
 .text.HAL_SYSTICK_Config
                0x00000000080033a2       0x18 Drivers/STM32F4xx_HAL_Driver/Src/stm32f4xx_hal_cortex.o
                0x00000000080033a2                HAL_SYSTICK_Config
 .text.HAL_DMA_Abort_IT
                0x00000000080033ba       0x44 Drivers/STM32F4xx_HAL_Driver/Src/stm32f4xx_hal_dma.o
                0x00000000080033ba                HAL_DMA_Abort_IT
 *fill*         0x00000000080033fe        0x2 
 .text.HAL_GPIO_Init
                0x0000000008003400      0x324 Drivers/STM32F4xx_HAL_Driver/Src/stm32f4xx_hal_gpio.o
                0x0000000008003400                HAL_GPIO_Init
 .text.HAL_GPIO_WritePin
                0x0000000008003724       0x32 Drivers/STM32F4xx_HAL_Driver/Src/stm32f4xx_hal_gpio.o
                0x0000000008003724                HAL_GPIO_WritePin
 *fill*         0x0000000008003756        0x2 
 .text.HAL_PWREx_EnableOverDrive
                0x0000000008003758       0xa0 Drivers/STM32F4xx_HAL_Driver/Src/stm32f4xx_hal_pwr_ex.o
                0x0000000008003758                HAL_PWREx_EnableOverDrive
 .text.HAL_RCC_ClockConfig
                0x00000000080037f8      0x1cc Drivers/STM32F4xx_HAL_Driver/Src/stm32f4xx_hal_rcc.o
                0x00000000080037f8                HAL_RCC_ClockConfig
 .text.HAL_RCC_GetHCLKFreq
                0x00000000080039c4       0x18 Drivers/STM32F4xx_HAL_Driver/Src/stm32f4xx_hal_rcc.o
                0x00000000080039c4                HAL_RCC_GetHCLKFreq
 .text.HAL_RCC_GetPCLK1Freq
                0x00000000080039dc       0x28 Drivers/STM32F4xx_HAL_Driver/Src/stm32f4xx_hal_rcc.o
                0x00000000080039dc                HAL_RCC_GetPCLK1Freq
 .text.HAL_RCC_GetPCLK2Freq
                0x0000000008003a04       0x28 Drivers/STM32F4xx_HAL_Driver/Src/stm32f4xx_hal_rcc.o
                0x0000000008003a04                HAL_RCC_GetPCLK2Freq
 .text.HAL_RCC_GetSysClockFreq
                0x0000000008003a2c      0x340 Drivers/STM32F4xx_HAL_Driver/Src/stm32f4xx_hal_rcc_ex.o
                0x0000000008003a2c                HAL_RCC_GetSysClockFreq
 .text.HAL_RCC_OscConfig
                0x0000000008003d6c      0x4b4 Drivers/STM32F4xx_HAL_Driver/Src/stm32f4xx_hal_rcc_ex.o
                0x0000000008003d6c                HAL_RCC_OscConfig
 .text.HAL_SPI_Init
                0x0000000008004220       0xc8 Drivers/STM32F4xx_HAL_Driver/Src/stm32f4xx_hal_spi.o
                0x0000000008004220                HAL_SPI_Init
 .text.HAL_SPI_TransmitReceive
                0x00000000080042e8      0x344 Drivers/STM32F4xx_HAL_Driver/Src/stm32f4xx_hal_spi.o
                0x00000000080042e8                HAL_SPI_TransmitReceive
 .text.SPI_WaitFlagStateUntilTimeout
                0x000000000800462c       0xd4 Drivers/STM32F4xx_HAL_Driver/Src/stm32f4xx_hal_spi.o
 .text.SPI_EndRxTxTransaction
                0x0000000008004700       0x84 Drivers/STM32F4xx_HAL_Driver/Src/stm32f4xx_hal_spi.o
 .text.HAL_TIM_Base_Init
                0x0000000008004784       0x56 Drivers/STM32F4xx_HAL_Driver/Src/stm32f4xx_hal_tim.o
                0x0000000008004784                HAL_TIM_Base_Init
 .text.HAL_TIM_Base_Start_IT
                0x00000000080047da       0x48 Drivers/STM32F4xx_HAL_Driver/Src/stm32f4xx_hal_tim.o
                0x00000000080047da                HAL_TIM_Base_Start_IT
 .text.HAL_TIM_PWM_Init
                0x0000000008004822       0x56 Drivers/STM32F4xx_HAL_Driver/Src/stm32f4xx_hal_tim.o
                0x0000000008004822                HAL_TIM_PWM_Init
 .text.HAL_TIM_PWM_MspInit
                0x0000000008004878       0x14 Drivers/STM32F4xx_HAL_Driver/Src/stm32f4xx_hal_tim.o
                0x0000000008004878                HAL_TIM_PWM_MspInit
 .text.HAL_TIM_IRQHandler
                0x000000000800488c      0x210 Drivers/STM32F4xx_HAL_Driver/Src/stm32f4xx_hal_tim.o
                0x000000000800488c                HAL_TIM_IRQHandler
 .text.HAL_TIM_PWM_ConfigChannel
                0x0000000008004a9c      0x18c Drivers/STM32F4xx_HAL_Driver/Src/stm32f4xx_hal_tim.o
                0x0000000008004a9c                HAL_TIM_PWM_ConfigChannel
 .text.HAL_TIM_ConfigClockSource
                0x0000000008004c28      0x16e Drivers/STM32F4xx_HAL_Driver/Src/stm32f4xx_hal_tim.o
                0x0000000008004c28                HAL_TIM_ConfigClockSource
 .text.HAL_TIM_PeriodElapsedCallback
                0x0000000008004d96       0x14 Drivers/STM32F4xx_HAL_Driver/Src/stm32f4xx_hal_tim.o
                0x0000000008004d96                HAL_TIM_PeriodElapsedCallback
 .text.HAL_TIM_OC_DelayElapsedCallback
                0x0000000008004daa       0x14 Drivers/STM32F4xx_HAL_Driver/Src/stm32f4xx_hal_tim.o
                0x0000000008004daa                HAL_TIM_OC_DelayElapsedCallback
 .text.HAL_TIM_IC_CaptureCallback
                0x0000000008004dbe       0x14 Drivers/STM32F4xx_HAL_Driver/Src/stm32f4xx_hal_tim.o
                0x0000000008004dbe                HAL_TIM_IC_CaptureCallback
 .text.HAL_TIM_PWM_PulseFinishedCallback
                0x0000000008004dd2       0x14 Drivers/STM32F4xx_HAL_Driver/Src/stm32f4xx_hal_tim.o
                0x0000000008004dd2                HAL_TIM_PWM_PulseFinishedCallback
 .text.HAL_TIM_TriggerCallback
                0x0000000008004de6       0x14 Drivers/STM32F4xx_HAL_Driver/Src/stm32f4xx_hal_tim.o
                0x0000000008004de6                HAL_TIM_TriggerCallback
 *fill*         0x0000000008004dfa        0x2 
 .text.TIM_Base_SetConfig
                0x0000000008004dfc      0x140 Drivers/STM32F4xx_HAL_Driver/Src/stm32f4xx_hal_tim.o
                0x0000000008004dfc                TIM_Base_SetConfig
 .text.TIM_OC1_SetConfig
                0x0000000008004f3c       0xe0 Drivers/STM32F4xx_HAL_Driver/Src/stm32f4xx_hal_tim.o
 .text.TIM_OC2_SetConfig
                0x000000000800501c       0xec Drivers/STM32F4xx_HAL_Driver/Src/stm32f4xx_hal_tim.o
                0x000000000800501c                TIM_OC2_SetConfig
 .text.TIM_OC3_SetConfig
                0x0000000008005108       0xe8 Drivers/STM32F4xx_HAL_Driver/Src/stm32f4xx_hal_tim.o
 .text.TIM_OC4_SetConfig
                0x00000000080051f0       0xac Drivers/STM32F4xx_HAL_Driver/Src/stm32f4xx_hal_tim.o
 .text.TIM_TI1_ConfigInputStage
                0x000000000800529c       0x5e Drivers/STM32F4xx_HAL_Driver/Src/stm32f4xx_hal_tim.o
 .text.TIM_TI2_ConfigInputStage
                0x00000000080052fa       0x60 Drivers/STM32F4xx_HAL_Driver/Src/stm32f4xx_hal_tim.o
 .text.TIM_ITRx_SetConfig
                0x000000000800535a       0x36 Drivers/STM32F4xx_HAL_Driver/Src/stm32f4xx_hal_tim.o
 .text.TIM_ETR_SetConfig
                0x0000000008005390       0x40 Drivers/STM32F4xx_HAL_Driver/Src/stm32f4xx_hal_tim.o
                0x0000000008005390                TIM_ETR_SetConfig
 .text.HAL_TIMEx_MasterConfigSynchronization
                0x00000000080053d0       0xf8 Drivers/STM32F4xx_HAL_Driver/Src/stm32f4xx_hal_tim_ex.o
                0x00000000080053d0                HAL_TIMEx_MasterConfigSynchronization
 .text.HAL_TIMEx_ConfigBreakDeadTime
                0x00000000080054c8       0xa4 Drivers/STM32F4xx_HAL_Driver/Src/stm32f4xx_hal_tim_ex.o
                0x00000000080054c8                HAL_TIMEx_ConfigBreakDeadTime
 .text.HAL_TIMEx_CommutCallback
                0x000000000800556c       0x14 Drivers/STM32F4xx_HAL_Driver/Src/stm32f4xx_hal_tim_ex.o
                0x000000000800556c                HAL_TIMEx_CommutCallback
 .text.HAL_TIMEx_BreakCallback
                0x0000000008005580       0x14 Drivers/STM32F4xx_HAL_Driver/Src/stm32f4xx_hal_tim_ex.o
                0x0000000008005580                HAL_TIMEx_BreakCallback
 .text.HAL_UART_Init
                0x0000000008005594       0x9a Drivers/STM32F4xx_HAL_Driver/Src/stm32f4xx_hal_uart.o
                0x0000000008005594                HAL_UART_Init
 .text.HAL_UART_Transmit
                0x000000000800562e      0x132 Drivers/STM32F4xx_HAL_Driver/Src/stm32f4xx_hal_uart.o
                0x000000000800562e                HAL_UART_Transmit
 .text.HAL_UART_Receive_IT
                0x0000000008005760       0xaa Drivers/STM32F4xx_HAL_Driver/Src/stm32f4xx_hal_uart.o
                0x0000000008005760                HAL_UART_Receive_IT
 *fill*         0x000000000800580a        0x2 
 .text.HAL_UART_IRQHandler
                0x000000000800580c      0x200 Drivers/STM32F4xx_HAL_Driver/Src/stm32f4xx_hal_uart.o
                0x000000000800580c                HAL_UART_IRQHandler
 .text.HAL_UART_TxCpltCallback
                0x0000000008005a0c       0x14 Drivers/STM32F4xx_HAL_Driver/Src/stm32f4xx_hal_uart.o
                0x0000000008005a0c                HAL_UART_TxCpltCallback
 .text.HAL_UART_ErrorCallback
                0x0000000008005a20       0x14 Drivers/STM32F4xx_HAL_Driver/Src/stm32f4xx_hal_uart.o
                0x0000000008005a20                HAL_UART_ErrorCallback
 .text.UART_WaitOnFlagUntilTimeout
                0x0000000008005a34       0x94 Drivers/STM32F4xx_HAL_Driver/Src/stm32f4xx_hal_uart.o
 .text.UART_EndRxTransfer
                0x0000000008005ac8       0x3c Drivers/STM32F4xx_HAL_Driver/Src/stm32f4xx_hal_uart.o
 .text.UART_DMAAbortOnError
                0x0000000008005b04       0x28 Drivers/STM32F4xx_HAL_Driver/Src/stm32f4xx_hal_uart.o
 .text.UART_Transmit_IT
                0x0000000008005b2c       0xac Drivers/STM32F4xx_HAL_Driver/Src/stm32f4xx_hal_uart.o
 .text.UART_EndTransmit_IT
                0x0000000008005bd8       0x30 Drivers/STM32F4xx_HAL_Driver/Src/stm32f4xx_hal_uart.o
 .text.UART_Receive_IT
                0x0000000008005c08      0x102 Drivers/STM32F4xx_HAL_Driver/Src/stm32f4xx_hal_uart.o
 *fill*         0x0000000008005d0a        0x2 
 .text.UART_SetConfig
                0x0000000008005d0c      0x6f8 Drivers/STM32F4xx_HAL_Driver/Src/stm32f4xx_hal_uart.o
 .text.__errno  0x0000000008006404        0xc c:/st/stm32cubeide_1.2.0/stm32cubeide/plugins/com.st.stm32cube.ide.mcu.externaltools.gnu-tools-for-stm32.7-2018-q2-update.win32_1.0.0.201904181610/tools/bin/../lib/gcc/arm-none-eabi/7.3.1/../../../../arm-none-eabi/lib/thumb/v7e-m/fpv4-sp/hard\libc_nano.a(lib_a-errno.o)
                0x0000000008006404                __errno
 .text.__libc_init_array
                0x0000000008006410       0x48 c:/st/stm32cubeide_1.2.0/stm32cubeide/plugins/com.st.stm32cube.ide.mcu.externaltools.gnu-tools-for-stm32.7-2018-q2-update.win32_1.0.0.201904181610/tools/bin/../lib/gcc/arm-none-eabi/7.3.1/../../../../arm-none-eabi/lib/thumb/v7e-m/fpv4-sp/hard\libc_nano.a(lib_a-init.o)
                0x0000000008006410                __libc_init_array
 .text.malloc   0x0000000008006458       0x10 c:/st/stm32cubeide_1.2.0/stm32cubeide/plugins/com.st.stm32cube.ide.mcu.externaltools.gnu-tools-for-stm32.7-2018-q2-update.win32_1.0.0.201904181610/tools/bin/../lib/gcc/arm-none-eabi/7.3.1/../../../../arm-none-eabi/lib/thumb/v7e-m/fpv4-sp/hard\libc_nano.a(lib_a-malloc.o)
                0x0000000008006458                malloc
 .text.memset   0x0000000008006468       0x10 c:/st/stm32cubeide_1.2.0/stm32cubeide/plugins/com.st.stm32cube.ide.mcu.externaltools.gnu-tools-for-stm32.7-2018-q2-update.win32_1.0.0.201904181610/tools/bin/../lib/gcc/arm-none-eabi/7.3.1/../../../../arm-none-eabi/lib/thumb/v7e-m/fpv4-sp/hard\libc_nano.a(lib_a-memset.o)
                0x0000000008006468                memset
 .text._free_r  0x0000000008006478       0x9c c:/st/stm32cubeide_1.2.0/stm32cubeide/plugins/com.st.stm32cube.ide.mcu.externaltools.gnu-tools-for-stm32.7-2018-q2-update.win32_1.0.0.201904181610/tools/bin/../lib/gcc/arm-none-eabi/7.3.1/../../../../arm-none-eabi/lib/thumb/v7e-m/fpv4-sp/hard\libc_nano.a(lib_a-nano-freer.o)
                0x0000000008006478                _free_r
 .text._malloc_r
                0x0000000008006514       0xb4 c:/st/stm32cubeide_1.2.0/stm32cubeide/plugins/com.st.stm32cube.ide.mcu.externaltools.gnu-tools-for-stm32.7-2018-q2-update.win32_1.0.0.201904181610/tools/bin/../lib/gcc/arm-none-eabi/7.3.1/../../../../arm-none-eabi/lib/thumb/v7e-m/fpv4-sp/hard\libc_nano.a(lib_a-nano-mallocr.o)
                0x0000000008006514                _malloc_r
 .text.__cvt    0x00000000080065c8       0xc2 c:/st/stm32cubeide_1.2.0/stm32cubeide/plugins/com.st.stm32cube.ide.mcu.externaltools.gnu-tools-for-stm32.7-2018-q2-update.win32_1.0.0.201904181610/tools/bin/../lib/gcc/arm-none-eabi/7.3.1/../../../../arm-none-eabi/lib/thumb/v7e-m/fpv4-sp/hard\libc_nano.a(lib_a-nano-vfprintf_float.o)
                0x00000000080065c8                __cvt
 .text.__exponent
                0x000000000800668a       0x66 c:/st/stm32cubeide_1.2.0/stm32cubeide/plugins/com.st.stm32cube.ide.mcu.externaltools.gnu-tools-for-stm32.7-2018-q2-update.win32_1.0.0.201904181610/tools/bin/../lib/gcc/arm-none-eabi/7.3.1/../../../../arm-none-eabi/lib/thumb/v7e-m/fpv4-sp/hard\libc_nano.a(lib_a-nano-vfprintf_float.o)
                0x000000000800668a                __exponent
 .text._printf_float
                0x00000000080066f0      0x480 c:/st/stm32cubeide_1.2.0/stm32cubeide/plugins/com.st.stm32cube.ide.mcu.externaltools.gnu-tools-for-stm32.7-2018-q2-update.win32_1.0.0.201904181610/tools/bin/../lib/gcc/arm-none-eabi/7.3.1/../../../../arm-none-eabi/lib/thumb/v7e-m/fpv4-sp/hard\libc_nano.a(lib_a-nano-vfprintf_float.o)
                0x00000000080066f0                _printf_float
 .text._printf_common
                0x0000000008006b70       0xea c:/st/stm32cubeide_1.2.0/stm32cubeide/plugins/com.st.stm32cube.ide.mcu.externaltools.gnu-tools-for-stm32.7-2018-q2-update.win32_1.0.0.201904181610/tools/bin/../lib/gcc/arm-none-eabi/7.3.1/../../../../arm-none-eabi/lib/thumb/v7e-m/fpv4-sp/hard\libc_nano.a(lib_a-nano-vfprintf_i.o)
                0x0000000008006b70                _printf_common
 *fill*         0x0000000008006c5a        0x2 
 .text._printf_i
                0x0000000008006c5c      0x224 c:/st/stm32cubeide_1.2.0/stm32cubeide/plugins/com.st.stm32cube.ide.mcu.externaltools.gnu-tools-for-stm32.7-2018-q2-update.win32_1.0.0.201904181610/tools/bin/../lib/gcc/arm-none-eabi/7.3.1/../../../../arm-none-eabi/lib/thumb/v7e-m/fpv4-sp/hard\libc_nano.a(lib_a-nano-vfprintf_i.o)
                0x0000000008006c5c                _printf_i
 .text.printf   0x0000000008006e80       0x30 c:/st/stm32cubeide_1.2.0/stm32cubeide/plugins/com.st.stm32cube.ide.mcu.externaltools.gnu-tools-for-stm32.7-2018-q2-update.win32_1.0.0.201904181610/tools/bin/../lib/gcc/arm-none-eabi/7.3.1/../../../../arm-none-eabi/lib/thumb/v7e-m/fpv4-sp/hard\libc_nano.a(lib_a-printf.o)
                0x0000000008006e80                iprintf
                0x0000000008006e80                printf
 .text._puts_r  0x0000000008006eb0       0xb8 c:/st/stm32cubeide_1.2.0/stm32cubeide/plugins/com.st.stm32cube.ide.mcu.externaltools.gnu-tools-for-stm32.7-2018-q2-update.win32_1.0.0.201904181610/tools/bin/../lib/gcc/arm-none-eabi/7.3.1/../../../../arm-none-eabi/lib/thumb/v7e-m/fpv4-sp/hard\libc_nano.a(lib_a-puts.o)
                0x0000000008006eb0                _puts_r
 .text.puts     0x0000000008006f68       0x10 c:/st/stm32cubeide_1.2.0/stm32cubeide/plugins/com.st.stm32cube.ide.mcu.externaltools.gnu-tools-for-stm32.7-2018-q2-update.win32_1.0.0.201904181610/tools/bin/../lib/gcc/arm-none-eabi/7.3.1/../../../../arm-none-eabi/lib/thumb/v7e-m/fpv4-sp/hard\libc_nano.a(lib_a-puts.o)
                0x0000000008006f68                puts
 .text._sbrk_r  0x0000000008006f78       0x20 c:/st/stm32cubeide_1.2.0/stm32cubeide/plugins/com.st.stm32cube.ide.mcu.externaltools.gnu-tools-for-stm32.7-2018-q2-update.win32_1.0.0.201904181610/tools/bin/../lib/gcc/arm-none-eabi/7.3.1/../../../../arm-none-eabi/lib/thumb/v7e-m/fpv4-sp/hard\libc_nano.a(lib_a-sbrkr.o)
                0x0000000008006f78                _sbrk_r
 .text.__swbuf_r
                0x0000000008006f98       0xa4 c:/st/stm32cubeide_1.2.0/stm32cubeide/plugins/com.st.stm32cube.ide.mcu.externaltools.gnu-tools-for-stm32.7-2018-q2-update.win32_1.0.0.201904181610/tools/bin/../lib/gcc/arm-none-eabi/7.3.1/../../../../arm-none-eabi/lib/thumb/v7e-m/fpv4-sp/hard\libc_nano.a(lib_a-wbuf.o)
                0x0000000008006f98                __swbuf_r
 .text.__swsetup_r
                0x000000000800703c       0xdc c:/st/stm32cubeide_1.2.0/stm32cubeide/plugins/com.st.stm32cube.ide.mcu.externaltools.gnu-tools-for-stm32.7-2018-q2-update.win32_1.0.0.201904181610/tools/bin/../lib/gcc/arm-none-eabi/7.3.1/../../../../arm-none-eabi/lib/thumb/v7e-m/fpv4-sp/hard\libc_nano.a(lib_a-wsetup.o)
                0x000000000800703c                __swsetup_r
 .text.quorem   0x0000000008007118      0x118 c:/st/stm32cubeide_1.2.0/stm32cubeide/plugins/com.st.stm32cube.ide.mcu.externaltools.gnu-tools-for-stm32.7-2018-q2-update.win32_1.0.0.201904181610/tools/bin/../lib/gcc/arm-none-eabi/7.3.1/../../../../arm-none-eabi/lib/thumb/v7e-m/fpv4-sp/hard\libc_nano.a(lib_a-dtoa.o)
 .text._dtoa_r  0x0000000008007230      0xb70 c:/st/stm32cubeide_1.2.0/stm32cubeide/plugins/com.st.stm32cube.ide.mcu.externaltools.gnu-tools-for-stm32.7-2018-q2-update.win32_1.0.0.201904181610/tools/bin/../lib/gcc/arm-none-eabi/7.3.1/../../../../arm-none-eabi/lib/thumb/v7e-m/fpv4-sp/hard\libc_nano.a(lib_a-dtoa.o)
                0x0000000008007230                _dtoa_r
 .text.__sflush_r
                0x0000000008007da0      0x10c c:/st/stm32cubeide_1.2.0/stm32cubeide/plugins/com.st.stm32cube.ide.mcu.externaltools.gnu-tools-for-stm32.7-2018-q2-update.win32_1.0.0.201904181610/tools/bin/../lib/gcc/arm-none-eabi/7.3.1/../../../../arm-none-eabi/lib/thumb/v7e-m/fpv4-sp/hard\libc_nano.a(lib_a-fflush.o)
                0x0000000008007da0                __sflush_r
 .text._fflush_r
                0x0000000008007eac       0x54 c:/st/stm32cubeide_1.2.0/stm32cubeide/plugins/com.st.stm32cube.ide.mcu.externaltools.gnu-tools-for-stm32.7-2018-q2-update.win32_1.0.0.201904181610/tools/bin/../lib/gcc/arm-none-eabi/7.3.1/../../../../arm-none-eabi/lib/thumb/v7e-m/fpv4-sp/hard\libc_nano.a(lib_a-fflush.o)
                0x0000000008007eac                _fflush_r
 .text.std      0x0000000008007f00       0x48 c:/st/stm32cubeide_1.2.0/stm32cubeide/plugins/com.st.stm32cube.ide.mcu.externaltools.gnu-tools-for-stm32.7-2018-q2-update.win32_1.0.0.201904181610/tools/bin/../lib/gcc/arm-none-eabi/7.3.1/../../../../arm-none-eabi/lib/thumb/v7e-m/fpv4-sp/hard\libc_nano.a(lib_a-findfp.o)
 .text._cleanup_r
                0x0000000008007f48        0xc c:/st/stm32cubeide_1.2.0/stm32cubeide/plugins/com.st.stm32cube.ide.mcu.externaltools.gnu-tools-for-stm32.7-2018-q2-update.win32_1.0.0.201904181610/tools/bin/../lib/gcc/arm-none-eabi/7.3.1/../../../../arm-none-eabi/lib/thumb/v7e-m/fpv4-sp/hard\libc_nano.a(lib_a-findfp.o)
                0x0000000008007f48                _cleanup_r
 .text.__sfmoreglue
                0x0000000008007f54       0x2c c:/st/stm32cubeide_1.2.0/stm32cubeide/plugins/com.st.stm32cube.ide.mcu.externaltools.gnu-tools-for-stm32.7-2018-q2-update.win32_1.0.0.201904181610/tools/bin/../lib/gcc/arm-none-eabi/7.3.1/../../../../arm-none-eabi/lib/thumb/v7e-m/fpv4-sp/hard\libc_nano.a(lib_a-findfp.o)
                0x0000000008007f54                __sfmoreglue
 .text.__sinit  0x0000000008007f80       0x60 c:/st/stm32cubeide_1.2.0/stm32cubeide/plugins/com.st.stm32cube.ide.mcu.externaltools.gnu-tools-for-stm32.7-2018-q2-update.win32_1.0.0.201904181610/tools/bin/../lib/gcc/arm-none-eabi/7.3.1/../../../../arm-none-eabi/lib/thumb/v7e-m/fpv4-sp/hard\libc_nano.a(lib_a-findfp.o)
                0x0000000008007f80                __sinit
 .text.__sfp    0x0000000008007fe0       0x78 c:/st/stm32cubeide_1.2.0/stm32cubeide/plugins/com.st.stm32cube.ide.mcu.externaltools.gnu-tools-for-stm32.7-2018-q2-update.win32_1.0.0.201904181610/tools/bin/../lib/gcc/arm-none-eabi/7.3.1/../../../../arm-none-eabi/lib/thumb/v7e-m/fpv4-sp/hard\libc_nano.a(lib_a-findfp.o)
                0x0000000008007fe0                __sfp
 .text._fwalk_reent
                0x0000000008008058       0x3c c:/st/stm32cubeide_1.2.0/stm32cubeide/plugins/com.st.stm32cube.ide.mcu.externaltools.gnu-tools-for-stm32.7-2018-q2-update.win32_1.0.0.201904181610/tools/bin/../lib/gcc/arm-none-eabi/7.3.1/../../../../arm-none-eabi/lib/thumb/v7e-m/fpv4-sp/hard\libc_nano.a(lib_a-fwalk.o)
                0x0000000008008058                _fwalk_reent
 .text._localeconv_r
                0x0000000008008094       0x1c c:/st/stm32cubeide_1.2.0/stm32cubeide/plugins/com.st.stm32cube.ide.mcu.externaltools.gnu-tools-for-stm32.7-2018-q2-update.win32_1.0.0.201904181610/tools/bin/../lib/gcc/arm-none-eabi/7.3.1/../../../../arm-none-eabi/lib/thumb/v7e-m/fpv4-sp/hard\libc_nano.a(lib_a-localeconv.o)
                0x0000000008008094                _localeconv_r
 .text.__swhatbuf_r
                0x00000000080080b0       0x48 c:/st/stm32cubeide_1.2.0/stm32cubeide/plugins/com.st.stm32cube.ide.mcu.externaltools.gnu-tools-for-stm32.7-2018-q2-update.win32_1.0.0.201904181610/tools/bin/../lib/gcc/arm-none-eabi/7.3.1/../../../../arm-none-eabi/lib/thumb/v7e-m/fpv4-sp/hard\libc_nano.a(lib_a-makebuf.o)
                0x00000000080080b0                __swhatbuf_r
 .text.__smakebuf_r
                0x00000000080080f8       0x80 c:/st/stm32cubeide_1.2.0/stm32cubeide/plugins/com.st.stm32cube.ide.mcu.externaltools.gnu-tools-for-stm32.7-2018-q2-update.win32_1.0.0.201904181610/tools/bin/../lib/gcc/arm-none-eabi/7.3.1/../../../../arm-none-eabi/lib/thumb/v7e-m/fpv4-sp/hard\libc_nano.a(lib_a-makebuf.o)
                0x00000000080080f8                __smakebuf_r
 .text.memcpy   0x0000000008008178       0x16 c:/st/stm32cubeide_1.2.0/stm32cubeide/plugins/com.st.stm32cube.ide.mcu.externaltools.gnu-tools-for-stm32.7-2018-q2-update.win32_1.0.0.201904181610/tools/bin/../lib/gcc/arm-none-eabi/7.3.1/../../../../arm-none-eabi/lib/thumb/v7e-m/fpv4-sp/hard\libc_nano.a(lib_a-memcpy-stub.o)
                0x0000000008008178                memcpy
 .text.__malloc_lock
                0x000000000800818e        0x2 c:/st/stm32cubeide_1.2.0/stm32cubeide/plugins/com.st.stm32cube.ide.mcu.externaltools.gnu-tools-for-stm32.7-2018-q2-update.win32_1.0.0.201904181610/tools/bin/../lib/gcc/arm-none-eabi/7.3.1/../../../../arm-none-eabi/lib/thumb/v7e-m/fpv4-sp/hard\libc_nano.a(lib_a-mlock.o)
                0x000000000800818e                __malloc_lock
 .text.__malloc_unlock
                0x0000000008008190        0x2 c:/st/stm32cubeide_1.2.0/stm32cubeide/plugins/com.st.stm32cube.ide.mcu.externaltools.gnu-tools-for-stm32.7-2018-q2-update.win32_1.0.0.201904181610/tools/bin/../lib/gcc/arm-none-eabi/7.3.1/../../../../arm-none-eabi/lib/thumb/v7e-m/fpv4-sp/hard\libc_nano.a(lib_a-mlock.o)
                0x0000000008008190                __malloc_unlock
 .text._Balloc  0x0000000008008192       0x68 c:/st/stm32cubeide_1.2.0/stm32cubeide/plugins/com.st.stm32cube.ide.mcu.externaltools.gnu-tools-for-stm32.7-2018-q2-update.win32_1.0.0.201904181610/tools/bin/../lib/gcc/arm-none-eabi/7.3.1/../../../../arm-none-eabi/lib/thumb/v7e-m/fpv4-sp/hard\libc_nano.a(lib_a-mprec.o)
                0x0000000008008192                _Balloc
 .text._Bfree   0x00000000080081fa       0x2e c:/st/stm32cubeide_1.2.0/stm32cubeide/plugins/com.st.stm32cube.ide.mcu.externaltools.gnu-tools-for-stm32.7-2018-q2-update.win32_1.0.0.201904181610/tools/bin/../lib/gcc/arm-none-eabi/7.3.1/../../../../arm-none-eabi/lib/thumb/v7e-m/fpv4-sp/hard\libc_nano.a(lib_a-mprec.o)
                0x00000000080081fa                _Bfree
 .text.__multadd
                0x0000000008008228       0x76 c:/st/stm32cubeide_1.2.0/stm32cubeide/plugins/com.st.stm32cube.ide.mcu.externaltools.gnu-tools-for-stm32.7-2018-q2-update.win32_1.0.0.201904181610/tools/bin/../lib/gcc/arm-none-eabi/7.3.1/../../../../arm-none-eabi/lib/thumb/v7e-m/fpv4-sp/hard\libc_nano.a(lib_a-mprec.o)
                0x0000000008008228                __multadd
 .text.__hi0bits
                0x000000000800829e       0x3e c:/st/stm32cubeide_1.2.0/stm32cubeide/plugins/com.st.stm32cube.ide.mcu.externaltools.gnu-tools-for-stm32.7-2018-q2-update.win32_1.0.0.201904181610/tools/bin/../lib/gcc/arm-none-eabi/7.3.1/../../../../arm-none-eabi/lib/thumb/v7e-m/fpv4-sp/hard\libc_nano.a(lib_a-mprec.o)
                0x000000000800829e                __hi0bits
 .text.__lo0bits
                0x00000000080082dc       0x5e c:/st/stm32cubeide_1.2.0/stm32cubeide/plugins/com.st.stm32cube.ide.mcu.externaltools.gnu-tools-for-stm32.7-2018-q2-update.win32_1.0.0.201904181610/tools/bin/../lib/gcc/arm-none-eabi/7.3.1/../../../../arm-none-eabi/lib/thumb/v7e-m/fpv4-sp/hard\libc_nano.a(lib_a-mprec.o)
                0x00000000080082dc                __lo0bits
 .text.__i2b    0x000000000800833a       0x12 c:/st/stm32cubeide_1.2.0/stm32cubeide/plugins/com.st.stm32cube.ide.mcu.externaltools.gnu-tools-for-stm32.7-2018-q2-update.win32_1.0.0.201904181610/tools/bin/../lib/gcc/arm-none-eabi/7.3.1/../../../../arm-none-eabi/lib/thumb/v7e-m/fpv4-sp/hard\libc_nano.a(lib_a-mprec.o)
                0x000000000800833a                __i2b
 .text.__multiply
                0x000000000800834c      0x12c c:/st/stm32cubeide_1.2.0/stm32cubeide/plugins/com.st.stm32cube.ide.mcu.externaltools.gnu-tools-for-stm32.7-2018-q2-update.win32_1.0.0.201904181610/tools/bin/../lib/gcc/arm-none-eabi/7.3.1/../../../../arm-none-eabi/lib/thumb/v7e-m/fpv4-sp/hard\libc_nano.a(lib_a-mprec.o)
                0x000000000800834c                __multiply
 .text.__pow5mult
                0x0000000008008478       0x9c c:/st/stm32cubeide_1.2.0/stm32cubeide/plugins/com.st.stm32cube.ide.mcu.externaltools.gnu-tools-for-stm32.7-2018-q2-update.win32_1.0.0.201904181610/tools/bin/../lib/gcc/arm-none-eabi/7.3.1/../../../../arm-none-eabi/lib/thumb/v7e-m/fpv4-sp/hard\libc_nano.a(lib_a-mprec.o)
                0x0000000008008478                __pow5mult
 .text.__lshift
                0x0000000008008514       0xa8 c:/st/stm32cubeide_1.2.0/stm32cubeide/plugins/com.st.stm32cube.ide.mcu.externaltools.gnu-tools-for-stm32.7-2018-q2-update.win32_1.0.0.201904181610/tools/bin/../lib/gcc/arm-none-eabi/7.3.1/../../../../arm-none-eabi/lib/thumb/v7e-m/fpv4-sp/hard\libc_nano.a(lib_a-mprec.o)
                0x0000000008008514                __lshift
 .text.__mcmp   0x00000000080085bc       0x34 c:/st/stm32cubeide_1.2.0/stm32cubeide/plugins/com.st.stm32cube.ide.mcu.externaltools.gnu-tools-for-stm32.7-2018-q2-update.win32_1.0.0.201904181610/tools/bin/../lib/gcc/arm-none-eabi/7.3.1/../../../../arm-none-eabi/lib/thumb/v7e-m/fpv4-sp/hard\libc_nano.a(lib_a-mprec.o)
                0x00000000080085bc                __mcmp
 .text.__mdiff  0x00000000080085f0       0xba c:/st/stm32cubeide_1.2.0/stm32cubeide/plugins/com.st.stm32cube.ide.mcu.externaltools.gnu-tools-for-stm32.7-2018-q2-update.win32_1.0.0.201904181610/tools/bin/../lib/gcc/arm-none-eabi/7.3.1/../../../../arm-none-eabi/lib/thumb/v7e-m/fpv4-sp/hard\libc_nano.a(lib_a-mprec.o)
                0x00000000080085f0                __mdiff
 .text.__d2b    0x00000000080086aa       0x9e c:/st/stm32cubeide_1.2.0/stm32cubeide/plugins/com.st.stm32cube.ide.mcu.externaltools.gnu-tools-for-stm32.7-2018-q2-update.win32_1.0.0.201904181610/tools/bin/../lib/gcc/arm-none-eabi/7.3.1/../../../../arm-none-eabi/lib/thumb/v7e-m/fpv4-sp/hard\libc_nano.a(lib_a-mprec.o)
                0x00000000080086aa                __d2b
 .text._calloc_r
                0x0000000008008748       0x1c c:/st/stm32cubeide_1.2.0/stm32cubeide/plugins/com.st.stm32cube.ide.mcu.externaltools.gnu-tools-for-stm32.7-2018-q2-update.win32_1.0.0.201904181610/tools/bin/../lib/gcc/arm-none-eabi/7.3.1/../../../../arm-none-eabi/lib/thumb/v7e-m/fpv4-sp/hard\libc_nano.a(lib_a-nano-callocr.o)
                0x0000000008008748                _calloc_r
 .text.__sfputc_r
                0x0000000008008764       0x2e c:/st/stm32cubeide_1.2.0/stm32cubeide/plugins/com.st.stm32cube.ide.mcu.externaltools.gnu-tools-for-stm32.7-2018-q2-update.win32_1.0.0.201904181610/tools/bin/../lib/gcc/arm-none-eabi/7.3.1/../../../../arm-none-eabi/lib/thumb/v7e-m/fpv4-sp/hard\libc_nano.a(lib_a-nano-vfprintf.o)
 .text.__sfputs_r
                0x0000000008008792       0x24 c:/st/stm32cubeide_1.2.0/stm32cubeide/plugins/com.st.stm32cube.ide.mcu.externaltools.gnu-tools-for-stm32.7-2018-q2-update.win32_1.0.0.201904181610/tools/bin/../lib/gcc/arm-none-eabi/7.3.1/../../../../arm-none-eabi/lib/thumb/v7e-m/fpv4-sp/hard\libc_nano.a(lib_a-nano-vfprintf.o)
                0x0000000008008792                __sfputs_r
 *fill*         0x00000000080087b6        0x2 
 .text._vfprintf_r
                0x00000000080087b8      0x22c c:/st/stm32cubeide_1.2.0/stm32cubeide/plugins/com.st.stm32cube.ide.mcu.externaltools.gnu-tools-for-stm32.7-2018-q2-update.win32_1.0.0.201904181610/tools/bin/../lib/gcc/arm-none-eabi/7.3.1/../../../../arm-none-eabi/lib/thumb/v7e-m/fpv4-sp/hard\libc_nano.a(lib_a-nano-vfprintf.o)
                0x00000000080087b8                _vfprintf_r
                0x00000000080087b8                _vfiprintf_r
 .text.__sread  0x00000000080089e4       0x22 c:/st/stm32cubeide_1.2.0/stm32cubeide/plugins/com.st.stm32cube.ide.mcu.externaltools.gnu-tools-for-stm32.7-2018-q2-update.win32_1.0.0.201904181610/tools/bin/../lib/gcc/arm-none-eabi/7.3.1/../../../../arm-none-eabi/lib/thumb/v7e-m/fpv4-sp/hard\libc_nano.a(lib_a-stdio.o)
                0x00000000080089e4                __sread
 .text.__swrite
                0x0000000008008a06       0x38 c:/st/stm32cubeide_1.2.0/stm32cubeide/plugins/com.st.stm32cube.ide.mcu.externaltools.gnu-tools-for-stm32.7-2018-q2-update.win32_1.0.0.201904181610/tools/bin/../lib/gcc/arm-none-eabi/7.3.1/../../../../arm-none-eabi/lib/thumb/v7e-m/fpv4-sp/hard\libc_nano.a(lib_a-stdio.o)
                0x0000000008008a06                __swrite
 .text.__sseek  0x0000000008008a3e       0x24 c:/st/stm32cubeide_1.2.0/stm32cubeide/plugins/com.st.stm32cube.ide.mcu.externaltools.gnu-tools-for-stm32.7-2018-q2-update.win32_1.0.0.201904181610/tools/bin/../lib/gcc/arm-none-eabi/7.3.1/../../../../arm-none-eabi/lib/thumb/v7e-m/fpv4-sp/hard\libc_nano.a(lib_a-stdio.o)
                0x0000000008008a3e                __sseek
 .text.__sclose
                0x0000000008008a62        0x8 c:/st/stm32cubeide_1.2.0/stm32cubeide/plugins/com.st.stm32cube.ide.mcu.externaltools.gnu-tools-for-stm32.7-2018-q2-update.win32_1.0.0.201904181610/tools/bin/../lib/gcc/arm-none-eabi/7.3.1/../../../../arm-none-eabi/lib/thumb/v7e-m/fpv4-sp/hard\libc_nano.a(lib_a-stdio.o)
                0x0000000008008a62                __sclose
 *fill*         0x0000000008008a6a        0x2 
 .text._write_r
                0x0000000008008a6c       0x24 c:/st/stm32cubeide_1.2.0/stm32cubeide/plugins/com.st.stm32cube.ide.mcu.externaltools.gnu-tools-for-stm32.7-2018-q2-update.win32_1.0.0.201904181610/tools/bin/../lib/gcc/arm-none-eabi/7.3.1/../../../../arm-none-eabi/lib/thumb/v7e-m/fpv4-sp/hard\libc_nano.a(lib_a-writer.o)
                0x0000000008008a6c                _write_r
 .text._close_r
                0x0000000008008a90       0x20 c:/st/stm32cubeide_1.2.0/stm32cubeide/plugins/com.st.stm32cube.ide.mcu.externaltools.gnu-tools-for-stm32.7-2018-q2-update.win32_1.0.0.201904181610/tools/bin/../lib/gcc/arm-none-eabi/7.3.1/../../../../arm-none-eabi/lib/thumb/v7e-m/fpv4-sp/hard\libc_nano.a(lib_a-closer.o)
                0x0000000008008a90                _close_r
 .text._fstat_r
                0x0000000008008ab0       0x24 c:/st/stm32cubeide_1.2.0/stm32cubeide/plugins/com.st.stm32cube.ide.mcu.externaltools.gnu-tools-for-stm32.7-2018-q2-update.win32_1.0.0.201904181610/tools/bin/../lib/gcc/arm-none-eabi/7.3.1/../../../../arm-none-eabi/lib/thumb/v7e-m/fpv4-sp/hard\libc_nano.a(lib_a-fstatr.o)
                0x0000000008008ab0                _fstat_r
 .text._isatty_r
                0x0000000008008ad4       0x20 c:/st/stm32cubeide_1.2.0/stm32cubeide/plugins/com.st.stm32cube.ide.mcu.externaltools.gnu-tools-for-stm32.7-2018-q2-update.win32_1.0.0.201904181610/tools/bin/../lib/gcc/arm-none-eabi/7.3.1/../../../../arm-none-eabi/lib/thumb/v7e-m/fpv4-sp/hard\libc_nano.a(lib_a-isattyr.o)
                0x0000000008008ad4                _isatty_r
 .text._lseek_r
                0x0000000008008af4       0x24 c:/st/stm32cubeide_1.2.0/stm32cubeide/plugins/com.st.stm32cube.ide.mcu.externaltools.gnu-tools-for-stm32.7-2018-q2-update.win32_1.0.0.201904181610/tools/bin/../lib/gcc/arm-none-eabi/7.3.1/../../../../arm-none-eabi/lib/thumb/v7e-m/fpv4-sp/hard\libc_nano.a(lib_a-lseekr.o)
                0x0000000008008af4                _lseek_r
 .text.__ascii_mbtowc
                0x0000000008008b18       0x24 c:/st/stm32cubeide_1.2.0/stm32cubeide/plugins/com.st.stm32cube.ide.mcu.externaltools.gnu-tools-for-stm32.7-2018-q2-update.win32_1.0.0.201904181610/tools/bin/../lib/gcc/arm-none-eabi/7.3.1/../../../../arm-none-eabi/lib/thumb/v7e-m/fpv4-sp/hard\libc_nano.a(lib_a-mbtowc_r.o)
                0x0000000008008b18                __ascii_mbtowc
 .text._read_r  0x0000000008008b3c       0x24 c:/st/stm32cubeide_1.2.0/stm32cubeide/plugins/com.st.stm32cube.ide.mcu.externaltools.gnu-tools-for-stm32.7-2018-q2-update.win32_1.0.0.201904181610/tools/bin/../lib/gcc/arm-none-eabi/7.3.1/../../../../arm-none-eabi/lib/thumb/v7e-m/fpv4-sp/hard\libc_nano.a(lib_a-readr.o)
                0x0000000008008b3c                _read_r
 .text.__ascii_wctomb
                0x0000000008008b60       0x1a c:/st/stm32cubeide_1.2.0/stm32cubeide/plugins/com.st.stm32cube.ide.mcu.externaltools.gnu-tools-for-stm32.7-2018-q2-update.win32_1.0.0.201904181610/tools/bin/../lib/gcc/arm-none-eabi/7.3.1/../../../../arm-none-eabi/lib/thumb/v7e-m/fpv4-sp/hard\libc_nano.a(lib_a-wctomb_r.o)
                0x0000000008008b60                __ascii_wctomb
 *(.glue_7)
 .glue_7        0x0000000008008b7a        0x0 linker stubs
 *(.glue_7t)
 .glue_7t       0x0000000008008b7a        0x0 linker stubs
 *(.eh_frame)
 *fill*         0x0000000008008b7a        0x2 
 .eh_frame      0x0000000008008b7c        0x0 c:/st/stm32cubeide_1.2.0/stm32cubeide/plugins/com.st.stm32cube.ide.mcu.externaltools.gnu-tools-for-stm32.7-2018-q2-update.win32_1.0.0.201904181610/tools/bin/../lib/gcc/arm-none-eabi/7.3.1/thumb/v7e-m/fpv4-sp/hard/crtbegin.o
 *(.init)
 .init          0x0000000008008b7c        0x4 c:/st/stm32cubeide_1.2.0/stm32cubeide/plugins/com.st.stm32cube.ide.mcu.externaltools.gnu-tools-for-stm32.7-2018-q2-update.win32_1.0.0.201904181610/tools/bin/../lib/gcc/arm-none-eabi/7.3.1/thumb/v7e-m/fpv4-sp/hard/crti.o
                0x0000000008008b7c                _init
 .init          0x0000000008008b80        0x8 c:/st/stm32cubeide_1.2.0/stm32cubeide/plugins/com.st.stm32cube.ide.mcu.externaltools.gnu-tools-for-stm32.7-2018-q2-update.win32_1.0.0.201904181610/tools/bin/../lib/gcc/arm-none-eabi/7.3.1/thumb/v7e-m/fpv4-sp/hard/crtn.o
 *(.fini)
 .fini          0x0000000008008b88        0x4 c:/st/stm32cubeide_1.2.0/stm32cubeide/plugins/com.st.stm32cube.ide.mcu.externaltools.gnu-tools-for-stm32.7-2018-q2-update.win32_1.0.0.201904181610/tools/bin/../lib/gcc/arm-none-eabi/7.3.1/thumb/v7e-m/fpv4-sp/hard/crti.o
                0x0000000008008b88                _fini
 .fini          0x0000000008008b8c        0x8 c:/st/stm32cubeide_1.2.0/stm32cubeide/plugins/com.st.stm32cube.ide.mcu.externaltools.gnu-tools-for-stm32.7-2018-q2-update.win32_1.0.0.201904181610/tools/bin/../lib/gcc/arm-none-eabi/7.3.1/thumb/v7e-m/fpv4-sp/hard/crtn.o
                0x0000000008008b94                . = ALIGN (0x4)
                0x0000000008008b94                _etext = .

.vfp11_veneer   0x0000000008008b94        0x0
 .vfp11_veneer  0x0000000008008b94        0x0 linker stubs

.v4_bx          0x0000000008008b94        0x0
 .v4_bx         0x0000000008008b94        0x0 linker stubs

.iplt           0x0000000008008b94        0x0
 .iplt          0x0000000008008b94        0x0 c:/st/stm32cubeide_1.2.0/stm32cubeide/plugins/com.st.stm32cube.ide.mcu.externaltools.gnu-tools-for-stm32.7-2018-q2-update.win32_1.0.0.201904181610/tools/bin/../lib/gcc/arm-none-eabi/7.3.1/thumb/v7e-m/fpv4-sp/hard/crtbegin.o

.rodata         0x0000000008008b98      0x5f0
                0x0000000008008b98                . = ALIGN (0x4)
 *(.rodata)
 .rodata        0x0000000008008b98      0x2f4 Core/Src/fsm.o
 .rodata        0x0000000008008e8c       0x1d Core/Src/main.o
 *(.rodata*)
 *fill*         0x0000000008008ea9        0x3 
 .rodata.AHBPrescTable
                0x0000000008008eac       0x10 Core/Src/system_stm32f4xx.o
                0x0000000008008eac                AHBPrescTable
 .rodata.APBPrescTable
                0x0000000008008ebc        0x8 Core/Src/system_stm32f4xx.o
                0x0000000008008ebc                APBPrescTable
 .rodata._global_impure_ptr
                0x0000000008008ec4        0x4 c:/st/stm32cubeide_1.2.0/stm32cubeide/plugins/com.st.stm32cube.ide.mcu.externaltools.gnu-tools-for-stm32.7-2018-q2-update.win32_1.0.0.201904181610/tools/bin/../lib/gcc/arm-none-eabi/7.3.1/../../../../arm-none-eabi/lib/thumb/v7e-m/fpv4-sp/hard\libc_nano.a(lib_a-impure.o)
                0x0000000008008ec4                _global_impure_ptr
 .rodata._printf_float.str1.1
                0x0000000008008ec8       0x12 c:/st/stm32cubeide_1.2.0/stm32cubeide/plugins/com.st.stm32cube.ide.mcu.externaltools.gnu-tools-for-stm32.7-2018-q2-update.win32_1.0.0.201904181610/tools/bin/../lib/gcc/arm-none-eabi/7.3.1/../../../../arm-none-eabi/lib/thumb/v7e-m/fpv4-sp/hard\libc_nano.a(lib_a-nano-vfprintf_float.o)
 .rodata._printf_i.str1.1
                0x0000000008008eda       0x22 c:/st/stm32cubeide_1.2.0/stm32cubeide/plugins/com.st.stm32cube.ide.mcu.externaltools.gnu-tools-for-stm32.7-2018-q2-update.win32_1.0.0.201904181610/tools/bin/../lib/gcc/arm-none-eabi/7.3.1/../../../../arm-none-eabi/lib/thumb/v7e-m/fpv4-sp/hard\libc_nano.a(lib_a-nano-vfprintf_i.o)
 .rodata._dtoa_r.str1.1
                0x0000000008008efc        0xd c:/st/stm32cubeide_1.2.0/stm32cubeide/plugins/com.st.stm32cube.ide.mcu.externaltools.gnu-tools-for-stm32.7-2018-q2-update.win32_1.0.0.201904181610/tools/bin/../lib/gcc/arm-none-eabi/7.3.1/../../../../arm-none-eabi/lib/thumb/v7e-m/fpv4-sp/hard\libc_nano.a(lib_a-dtoa.o)
                                          0xf (size before relaxing)
 *fill*         0x0000000008008f09        0x3 
 .rodata.__sf_fake_stderr
                0x0000000008008f0c       0x20 c:/st/stm32cubeide_1.2.0/stm32cubeide/plugins/com.st.stm32cube.ide.mcu.externaltools.gnu-tools-for-stm32.7-2018-q2-update.win32_1.0.0.201904181610/tools/bin/../lib/gcc/arm-none-eabi/7.3.1/../../../../arm-none-eabi/lib/thumb/v7e-m/fpv4-sp/hard\libc_nano.a(lib_a-findfp.o)
                0x0000000008008f0c                __sf_fake_stderr
 .rodata.__sf_fake_stdin
                0x0000000008008f2c       0x20 c:/st/stm32cubeide_1.2.0/stm32cubeide/plugins/com.st.stm32cube.ide.mcu.externaltools.gnu-tools-for-stm32.7-2018-q2-update.win32_1.0.0.201904181610/tools/bin/../lib/gcc/arm-none-eabi/7.3.1/../../../../arm-none-eabi/lib/thumb/v7e-m/fpv4-sp/hard\libc_nano.a(lib_a-findfp.o)
                0x0000000008008f2c                __sf_fake_stdin
 .rodata.__sf_fake_stdout
                0x0000000008008f4c       0x20 c:/st/stm32cubeide_1.2.0/stm32cubeide/plugins/com.st.stm32cube.ide.mcu.externaltools.gnu-tools-for-stm32.7-2018-q2-update.win32_1.0.0.201904181610/tools/bin/../lib/gcc/arm-none-eabi/7.3.1/../../../../arm-none-eabi/lib/thumb/v7e-m/fpv4-sp/hard\libc_nano.a(lib_a-findfp.o)
                0x0000000008008f4c                __sf_fake_stdout
 *fill*         0x0000000008008f6c        0x4 
 .rodata.__mprec_bigtens
                0x0000000008008f70       0x28 c:/st/stm32cubeide_1.2.0/stm32cubeide/plugins/com.st.stm32cube.ide.mcu.externaltools.gnu-tools-for-stm32.7-2018-q2-update.win32_1.0.0.201904181610/tools/bin/../lib/gcc/arm-none-eabi/7.3.1/../../../../arm-none-eabi/lib/thumb/v7e-m/fpv4-sp/hard\libc_nano.a(lib_a-mprec.o)
                0x0000000008008f70                __mprec_bigtens
 .rodata.__mprec_tens
                0x0000000008008f98       0xc8 c:/st/stm32cubeide_1.2.0/stm32cubeide/plugins/com.st.stm32cube.ide.mcu.externaltools.gnu-tools-for-stm32.7-2018-q2-update.win32_1.0.0.201904181610/tools/bin/../lib/gcc/arm-none-eabi/7.3.1/../../../../arm-none-eabi/lib/thumb/v7e-m/fpv4-sp/hard\libc_nano.a(lib_a-mprec.o)
                0x0000000008008f98                __mprec_tens
 .rodata.p05.7359
                0x0000000008009060        0xc c:/st/stm32cubeide_1.2.0/stm32cubeide/plugins/com.st.stm32cube.ide.mcu.externaltools.gnu-tools-for-stm32.7-2018-q2-update.win32_1.0.0.201904181610/tools/bin/../lib/gcc/arm-none-eabi/7.3.1/../../../../arm-none-eabi/lib/thumb/v7e-m/fpv4-sp/hard\libc_nano.a(lib_a-mprec.o)
 .rodata._vfprintf_r.str1.1
                0x000000000800906c       0x11 c:/st/stm32cubeide_1.2.0/stm32cubeide/plugins/com.st.stm32cube.ide.mcu.externaltools.gnu-tools-for-stm32.7-2018-q2-update.win32_1.0.0.201904181610/tools/bin/../lib/gcc/arm-none-eabi/7.3.1/../../../../arm-none-eabi/lib/thumb/v7e-m/fpv4-sp/hard\libc_nano.a(lib_a-nano-vfprintf.o)
 .rodata._setlocale_r.str1.1
                0x000000000800907d        0x8 c:/st/stm32cubeide_1.2.0/stm32cubeide/plugins/com.st.stm32cube.ide.mcu.externaltools.gnu-tools-for-stm32.7-2018-q2-update.win32_1.0.0.201904181610/tools/bin/../lib/gcc/arm-none-eabi/7.3.1/../../../../arm-none-eabi/lib/thumb/v7e-m/fpv4-sp/hard\libc_nano.a(lib_a-locale.o)
                                          0x9 (size before relaxing)
 .rodata.str1.1
                0x0000000008009085        0x2 c:/st/stm32cubeide_1.2.0/stm32cubeide/plugins/com.st.stm32cube.ide.mcu.externaltools.gnu-tools-for-stm32.7-2018-q2-update.win32_1.0.0.201904181610/tools/bin/../lib/gcc/arm-none-eabi/7.3.1/../../../../arm-none-eabi/lib/thumb/v7e-m/fpv4-sp/hard\libc_nano.a(lib_a-locale.o)
 .rodata._ctype_
                0x0000000008009087      0x101 c:/st/stm32cubeide_1.2.0/stm32cubeide/plugins/com.st.stm32cube.ide.mcu.externaltools.gnu-tools-for-stm32.7-2018-q2-update.win32_1.0.0.201904181610/tools/bin/../lib/gcc/arm-none-eabi/7.3.1/../../../../arm-none-eabi/lib/thumb/v7e-m/fpv4-sp/hard\libc_nano.a(lib_a-ctype_.o)
                0x0000000008009087                _ctype_
                0x0000000008009188                . = ALIGN (0x4)

.ARM.extab      0x0000000008009188        0x0
                0x0000000008009188                . = ALIGN (0x4)
 *(.ARM.extab* .gnu.linkonce.armextab.*)
                0x0000000008009188                . = ALIGN (0x4)

.ARM            0x0000000008009188        0x8
                0x0000000008009188                . = ALIGN (0x4)
                0x0000000008009188                __exidx_start = .
 *(.ARM.exidx*)
 .ARM.exidx     0x0000000008009188        0x8 c:/st/stm32cubeide_1.2.0/stm32cubeide/plugins/com.st.stm32cube.ide.mcu.externaltools.gnu-tools-for-stm32.7-2018-q2-update.win32_1.0.0.201904181610/tools/bin/../lib/gcc/arm-none-eabi/7.3.1/thumb/v7e-m/fpv4-sp/hard\libgcc.a(_udivmoddi4.o)
                0x0000000008009190                __exidx_end = .
                0x0000000008009190                . = ALIGN (0x4)

.rel.dyn        0x0000000008009190        0x0
 .rel.iplt      0x0000000008009190        0x0 c:/st/stm32cubeide_1.2.0/stm32cubeide/plugins/com.st.stm32cube.ide.mcu.externaltools.gnu-tools-for-stm32.7-2018-q2-update.win32_1.0.0.201904181610/tools/bin/../lib/gcc/arm-none-eabi/7.3.1/thumb/v7e-m/fpv4-sp/hard/crtbegin.o

.preinit_array  0x0000000008009190        0x0
                0x0000000008009190                . = ALIGN (0x4)
                0x0000000008009190                PROVIDE (__preinit_array_start = .)
 *(.preinit_array*)
                0x0000000008009190                PROVIDE (__preinit_array_end = .)
                0x0000000008009190                . = ALIGN (0x4)

.init_array     0x0000000008009190        0x4
                0x0000000008009190                . = ALIGN (0x4)
                0x0000000008009190                PROVIDE (__init_array_start = .)
 *(SORT_BY_NAME(.init_array.*))
 *(.init_array*)
 .init_array    0x0000000008009190        0x4 c:/st/stm32cubeide_1.2.0/stm32cubeide/plugins/com.st.stm32cube.ide.mcu.externaltools.gnu-tools-for-stm32.7-2018-q2-update.win32_1.0.0.201904181610/tools/bin/../lib/gcc/arm-none-eabi/7.3.1/thumb/v7e-m/fpv4-sp/hard/crtbegin.o
                0x0000000008009194                PROVIDE (__init_array_end = .)
                0x0000000008009194                . = ALIGN (0x4)

.fini_array     0x0000000008009194        0x4
                0x0000000008009194                . = ALIGN (0x4)
                [!provide]                        PROVIDE (__fini_array_start = .)
 *(SORT_BY_NAME(.fini_array.*))
 *(.fini_array*)
 .fini_array    0x0000000008009194        0x4 c:/st/stm32cubeide_1.2.0/stm32cubeide/plugins/com.st.stm32cube.ide.mcu.externaltools.gnu-tools-for-stm32.7-2018-q2-update.win32_1.0.0.201904181610/tools/bin/../lib/gcc/arm-none-eabi/7.3.1/thumb/v7e-m/fpv4-sp/hard/crtbegin.o
                [!provide]                        PROVIDE (__fini_array_end = .)
                0x0000000008009198                . = ALIGN (0x4)
                0x0000000008009198                _sidata = LOADADDR (.data)

.data           0x0000000020000000      0x1fc load address 0x0000000008009198
                0x0000000020000000                . = ALIGN (0x4)
                0x0000000020000000                _sdata = .
 *(.data)
 *(.data*)
 .data.__SECTOR_ADDRS
                0x0000000020000000       0x20 Core/Src/flash_writer.o
 .data.SystemCoreClock
                0x0000000020000020        0x4 Core/Src/system_stm32f4xx.o
                0x0000000020000020                SystemCoreClock
 .data.uwTickPrio
                0x0000000020000024        0x4 Drivers/STM32F4xx_HAL_Driver/Src/stm32f4xx_hal.o
                0x0000000020000024                uwTickPrio
 .data.uwTickFreq
                0x0000000020000028        0x1 Drivers/STM32F4xx_HAL_Driver/Src/stm32f4xx_hal.o
                0x0000000020000028                uwTickFreq
 *fill*         0x0000000020000029        0x3 
 .data._impure_ptr
                0x000000002000002c        0x4 c:/st/stm32cubeide_1.2.0/stm32cubeide/plugins/com.st.stm32cube.ide.mcu.externaltools.gnu-tools-for-stm32.7-2018-q2-update.win32_1.0.0.201904181610/tools/bin/../lib/gcc/arm-none-eabi/7.3.1/../../../../arm-none-eabi/lib/thumb/v7e-m/fpv4-sp/hard\libc_nano.a(lib_a-impure.o)
                0x000000002000002c                _impure_ptr
 .data.impure_data
                0x0000000020000030       0x60 c:/st/stm32cubeide_1.2.0/stm32cubeide/plugins/com.st.stm32cube.ide.mcu.externaltools.gnu-tools-for-stm32.7-2018-q2-update.win32_1.0.0.201904181610/tools/bin/../lib/gcc/arm-none-eabi/7.3.1/../../../../arm-none-eabi/lib/thumb/v7e-m/fpv4-sp/hard\libc_nano.a(lib_a-impure.o)
 .data.__global_locale
                0x0000000020000090      0x16c c:/st/stm32cubeide_1.2.0/stm32cubeide/plugins/com.st.stm32cube.ide.mcu.externaltools.gnu-tools-for-stm32.7-2018-q2-update.win32_1.0.0.201904181610/tools/bin/../lib/gcc/arm-none-eabi/7.3.1/../../../../arm-none-eabi/lib/thumb/v7e-m/fpv4-sp/hard\libc_nano.a(lib_a-locale.o)
                0x0000000020000090                __global_locale
                0x00000000200001fc                . = ALIGN (0x4)
                0x00000000200001fc                _edata = .

.igot.plt       0x00000000200001fc        0x0 load address 0x0000000008009394
 .igot.plt      0x00000000200001fc        0x0 c:/st/stm32cubeide_1.2.0/stm32cubeide/plugins/com.st.stm32cube.ide.mcu.externaltools.gnu-tools-for-stm32.7-2018-q2-update.win32_1.0.0.201904181610/tools/bin/../lib/gcc/arm-none-eabi/7.3.1/thumb/v7e-m/fpv4-sp/hard/crtbegin.o
                0x00000000200001fc                . = ALIGN (0x4)

.bss            0x0000000020000200      0xca0 load address 0x0000000008009394
                0x0000000020000200                _sbss = .
                0x0000000020000200                __bss_start__ = _sbss
 *(.bss)
 .bss           0x0000000020000200       0x1c c:/st/stm32cubeide_1.2.0/stm32cubeide/plugins/com.st.stm32cube.ide.mcu.externaltools.gnu-tools-for-stm32.7-2018-q2-update.win32_1.0.0.201904181610/tools/bin/../lib/gcc/arm-none-eabi/7.3.1/thumb/v7e-m/fpv4-sp/hard/crtbegin.o
 *(.bss*)
 .bss.heap_end.6424
                0x000000002000021c        0x4 Core/Src/sysmem.o
 .bss.__malloc_free_list
                0x0000000020000220        0x4 c:/st/stm32cubeide_1.2.0/stm32cubeide/plugins/com.st.stm32cube.ide.mcu.externaltools.gnu-tools-for-stm32.7-2018-q2-update.win32_1.0.0.201904181610/tools/bin/../lib/gcc/arm-none-eabi/7.3.1/../../../../arm-none-eabi/lib/thumb/v7e-m/fpv4-sp/hard\libc_nano.a(lib_a-nano-mallocr.o)
                0x0000000020000220                __malloc_free_list
 .bss.__malloc_sbrk_start
                0x0000000020000224        0x4 c:/st/stm32cubeide_1.2.0/stm32cubeide/plugins/com.st.stm32cube.ide.mcu.externaltools.gnu-tools-for-stm32.7-2018-q2-update.win32_1.0.0.201904181610/tools/bin/../lib/gcc/arm-none-eabi/7.3.1/../../../../arm-none-eabi/lib/thumb/v7e-m/fpv4-sp/hard\libc_nano.a(lib_a-nano-mallocr.o)
                0x0000000020000224                __malloc_sbrk_start
 *(COMMON)
 COMMON         0x0000000020000228       0xd8 Core/Src/adc.o
                0x0000000020000228                hadc2
                0x0000000020000270                hadc1
                0x00000000200002b8                hadc3
 COMMON         0x0000000020000300       0x28 Core/Src/can.o
                0x0000000020000300                hcan1
 COMMON         0x0000000020000328      0xa40 Core/Src/main.o
                0x0000000020000328                comm_encoder
                0x0000000020000550                Serial2RxBuffer
                0x0000000020000554                state
                0x0000000020000554                com
                0x0000000020000558                prefs
                0x000000002000056c                __float_reg
                0x000000002000066c                controller
                0x0000000020000940                __int_reg
                0x0000000020000d40                observer
 COMMON         0x0000000020000d68       0xb0 Core/Src/spi.o
                0x0000000020000d68                hspi3
                0x0000000020000dc0                hspi1
 COMMON         0x0000000020000e18       0x40 Core/Src/tim.o
                0x0000000020000e18                htim1
 COMMON         0x0000000020000e58       0x40 Core/Src/usart.o
                0x0000000020000e58                huart2
 COMMON         0x0000000020000e98        0x4 Drivers/STM32F4xx_HAL_Driver/Src/stm32f4xx_hal.o
                0x0000000020000e98                uwTick
 COMMON         0x0000000020000e9c        0x4 c:/st/stm32cubeide_1.2.0/stm32cubeide/plugins/com.st.stm32cube.ide.mcu.externaltools.gnu-tools-for-stm32.7-2018-q2-update.win32_1.0.0.201904181610/tools/bin/../lib/gcc/arm-none-eabi/7.3.1/../../../../arm-none-eabi/lib/thumb/v7e-m/fpv4-sp/hard\libc_nano.a(lib_a-reent.o)
                0x0000000020000e9c                errno
                0x0000000020000ea0                . = ALIGN (0x4)
                0x0000000020000ea0                _ebss = .
                0x0000000020000ea0                __bss_end__ = _ebss

._user_heap_stack
                0x0000000020000ea0      0x600 load address 0x0000000008009394
                0x0000000020000ea0                . = ALIGN (0x8)
                0x0000000020000ea0                PROVIDE (end = .)
                [!provide]                        PROVIDE (_end = .)
                0x00000000200010a0                . = (. + _Min_Heap_Size)
 *fill*         0x0000000020000ea0      0x200 
                0x00000000200014a0                . = (. + _Min_Stack_Size)
 *fill*         0x00000000200010a0      0x400 
                0x00000000200014a0                . = ALIGN (0x8)

/DISCARD/
 libc.a(*)
 libm.a(*)
 libgcc.a(*)

.ARM.attributes
                0x0000000000000000       0x30
 *(.ARM.attributes)
 .ARM.attributes
                0x0000000000000000       0x22 c:/st/stm32cubeide_1.2.0/stm32cubeide/plugins/com.st.stm32cube.ide.mcu.externaltools.gnu-tools-for-stm32.7-2018-q2-update.win32_1.0.0.201904181610/tools/bin/../lib/gcc/arm-none-eabi/7.3.1/thumb/v7e-m/fpv4-sp/hard/crti.o
 .ARM.attributes
                0x0000000000000022       0x34 c:/st/stm32cubeide_1.2.0/stm32cubeide/plugins/com.st.stm32cube.ide.mcu.externaltools.gnu-tools-for-stm32.7-2018-q2-update.win32_1.0.0.201904181610/tools/bin/../lib/gcc/arm-none-eabi/7.3.1/thumb/v7e-m/fpv4-sp/hard/crtbegin.o
 .ARM.attributes
                0x0000000000000056       0x39 Core/Src/adc.o
 .ARM.attributes
                0x000000000000008f       0x39 Core/Src/can.o
 .ARM.attributes
                0x00000000000000c8       0x39 Core/Src/flash_writer.o
 .ARM.attributes
                0x0000000000000101       0x39 Core/Src/fsm.o
 .ARM.attributes
                0x000000000000013a       0x39 Core/Src/gpio.o
 .ARM.attributes
                0x0000000000000173       0x39 Core/Src/main.o
 .ARM.attributes
                0x00000000000001ac       0x39 Core/Src/preference_writer.o
 .ARM.attributes
                0x00000000000001e5       0x39 Core/Src/spi.o
 .ARM.attributes
                0x000000000000021e       0x39 Core/Src/stm32f4xx_hal_msp.o
 .ARM.attributes
                0x0000000000000257       0x39 Core/Src/stm32f4xx_it.o
 .ARM.attributes
                0x0000000000000290       0x39 Core/Src/syscalls.o
 .ARM.attributes
                0x00000000000002c9       0x39 Core/Src/sysmem.o
 .ARM.attributes
                0x0000000000000302       0x39 Core/Src/system_stm32f4xx.o
 .ARM.attributes
                0x000000000000033b       0x39 Core/Src/tim.o
 .ARM.attributes
                0x0000000000000374       0x39 Core/Src/usart.o
 .ARM.attributes
                0x00000000000003ad       0x21 Core/Startup/startup_stm32f446retx.o
 .ARM.attributes
                0x00000000000003ce       0x39 Drivers/STM32F4xx_HAL_Driver/Src/stm32f4xx_hal.o
 .ARM.attributes
                0x0000000000000407       0x39 Drivers/STM32F4xx_HAL_Driver/Src/stm32f4xx_hal_adc.o
 .ARM.attributes
                0x0000000000000440       0x39 Drivers/STM32F4xx_HAL_Driver/Src/stm32f4xx_hal_adc_ex.o
 .ARM.attributes
                0x0000000000000479       0x39 Drivers/STM32F4xx_HAL_Driver/Src/stm32f4xx_hal_can.o
 .ARM.attributes
                0x00000000000004b2       0x39 Drivers/STM32F4xx_HAL_Driver/Src/stm32f4xx_hal_cortex.o
 .ARM.attributes
                0x00000000000004eb       0x39 Drivers/STM32F4xx_HAL_Driver/Src/stm32f4xx_hal_dma.o
 .ARM.attributes
                0x0000000000000524       0x39 Drivers/STM32F4xx_HAL_Driver/Src/stm32f4xx_hal_gpio.o
 .ARM.attributes
                0x000000000000055d       0x39 Drivers/STM32F4xx_HAL_Driver/Src/stm32f4xx_hal_pwr_ex.o
 .ARM.attributes
                0x0000000000000596       0x39 Drivers/STM32F4xx_HAL_Driver/Src/stm32f4xx_hal_rcc.o
 .ARM.attributes
                0x00000000000005cf       0x39 Drivers/STM32F4xx_HAL_Driver/Src/stm32f4xx_hal_rcc_ex.o
 .ARM.attributes
                0x0000000000000608       0x39 Drivers/STM32F4xx_HAL_Driver/Src/stm32f4xx_hal_spi.o
 .ARM.attributes
                0x0000000000000641       0x39 Drivers/STM32F4xx_HAL_Driver/Src/stm32f4xx_hal_tim.o
 .ARM.attributes
                0x000000000000067a       0x39 Drivers/STM32F4xx_HAL_Driver/Src/stm32f4xx_hal_tim_ex.o
 .ARM.attributes
                0x00000000000006b3       0x39 Drivers/STM32F4xx_HAL_Driver/Src/stm32f4xx_hal_uart.o
 .ARM.attributes
                0x00000000000006ec       0x34 c:/st/stm32cubeide_1.2.0/stm32cubeide/plugins/com.st.stm32cube.ide.mcu.externaltools.gnu-tools-for-stm32.7-2018-q2-update.win32_1.0.0.201904181610/tools/bin/../lib/gcc/arm-none-eabi/7.3.1/../../../../arm-none-eabi/lib/thumb/v7e-m/fpv4-sp/hard\libc_nano.a(lib_a-errno.o)
 .ARM.attributes
                0x0000000000000720       0x34 c:/st/stm32cubeide_1.2.0/stm32cubeide/plugins/com.st.stm32cube.ide.mcu.externaltools.gnu-tools-for-stm32.7-2018-q2-update.win32_1.0.0.201904181610/tools/bin/../lib/gcc/arm-none-eabi/7.3.1/../../../../arm-none-eabi/lib/thumb/v7e-m/fpv4-sp/hard\libc_nano.a(lib_a-impure.o)
 .ARM.attributes
                0x0000000000000754       0x34 c:/st/stm32cubeide_1.2.0/stm32cubeide/plugins/com.st.stm32cube.ide.mcu.externaltools.gnu-tools-for-stm32.7-2018-q2-update.win32_1.0.0.201904181610/tools/bin/../lib/gcc/arm-none-eabi/7.3.1/../../../../arm-none-eabi/lib/thumb/v7e-m/fpv4-sp/hard\libc_nano.a(lib_a-init.o)
 .ARM.attributes
                0x0000000000000788       0x34 c:/st/stm32cubeide_1.2.0/stm32cubeide/plugins/com.st.stm32cube.ide.mcu.externaltools.gnu-tools-for-stm32.7-2018-q2-update.win32_1.0.0.201904181610/tools/bin/../lib/gcc/arm-none-eabi/7.3.1/../../../../arm-none-eabi/lib/thumb/v7e-m/fpv4-sp/hard\libc_nano.a(lib_a-malloc.o)
 .ARM.attributes
                0x00000000000007bc       0x34 c:/st/stm32cubeide_1.2.0/stm32cubeide/plugins/com.st.stm32cube.ide.mcu.externaltools.gnu-tools-for-stm32.7-2018-q2-update.win32_1.0.0.201904181610/tools/bin/../lib/gcc/arm-none-eabi/7.3.1/../../../../arm-none-eabi/lib/thumb/v7e-m/fpv4-sp/hard\libc_nano.a(lib_a-memset.o)
 .ARM.attributes
                0x00000000000007f0       0x34 c:/st/stm32cubeide_1.2.0/stm32cubeide/plugins/com.st.stm32cube.ide.mcu.externaltools.gnu-tools-for-stm32.7-2018-q2-update.win32_1.0.0.201904181610/tools/bin/../lib/gcc/arm-none-eabi/7.3.1/../../../../arm-none-eabi/lib/thumb/v7e-m/fpv4-sp/hard\libc_nano.a(lib_a-nano-freer.o)
 .ARM.attributes
                0x0000000000000824       0x34 c:/st/stm32cubeide_1.2.0/stm32cubeide/plugins/com.st.stm32cube.ide.mcu.externaltools.gnu-tools-for-stm32.7-2018-q2-update.win32_1.0.0.201904181610/tools/bin/../lib/gcc/arm-none-eabi/7.3.1/../../../../arm-none-eabi/lib/thumb/v7e-m/fpv4-sp/hard\libc_nano.a(lib_a-nano-mallocr.o)
 .ARM.attributes
                0x0000000000000858       0x34 c:/st/stm32cubeide_1.2.0/stm32cubeide/plugins/com.st.stm32cube.ide.mcu.externaltools.gnu-tools-for-stm32.7-2018-q2-update.win32_1.0.0.201904181610/tools/bin/../lib/gcc/arm-none-eabi/7.3.1/../../../../arm-none-eabi/lib/thumb/v7e-m/fpv4-sp/hard\libc_nano.a(lib_a-nano-vfprintf_float.o)
 .ARM.attributes
                0x000000000000088c       0x34 c:/st/stm32cubeide_1.2.0/stm32cubeide/plugins/com.st.stm32cube.ide.mcu.externaltools.gnu-tools-for-stm32.7-2018-q2-update.win32_1.0.0.201904181610/tools/bin/../lib/gcc/arm-none-eabi/7.3.1/../../../../arm-none-eabi/lib/thumb/v7e-m/fpv4-sp/hard\libc_nano.a(lib_a-nano-vfprintf_i.o)
 .ARM.attributes
                0x00000000000008c0       0x34 c:/st/stm32cubeide_1.2.0/stm32cubeide/plugins/com.st.stm32cube.ide.mcu.externaltools.gnu-tools-for-stm32.7-2018-q2-update.win32_1.0.0.201904181610/tools/bin/../lib/gcc/arm-none-eabi/7.3.1/../../../../arm-none-eabi/lib/thumb/v7e-m/fpv4-sp/hard\libc_nano.a(lib_a-printf.o)
 .ARM.attributes
                0x00000000000008f4       0x34 c:/st/stm32cubeide_1.2.0/stm32cubeide/plugins/com.st.stm32cube.ide.mcu.externaltools.gnu-tools-for-stm32.7-2018-q2-update.win32_1.0.0.201904181610/tools/bin/../lib/gcc/arm-none-eabi/7.3.1/../../../../arm-none-eabi/lib/thumb/v7e-m/fpv4-sp/hard\libc_nano.a(lib_a-puts.o)
 .ARM.attributes
                0x0000000000000928       0x34 c:/st/stm32cubeide_1.2.0/stm32cubeide/plugins/com.st.stm32cube.ide.mcu.externaltools.gnu-tools-for-stm32.7-2018-q2-update.win32_1.0.0.201904181610/tools/bin/../lib/gcc/arm-none-eabi/7.3.1/../../../../arm-none-eabi/lib/thumb/v7e-m/fpv4-sp/hard\libc_nano.a(lib_a-sbrkr.o)
 .ARM.attributes
                0x000000000000095c       0x1b c:/st/stm32cubeide_1.2.0/stm32cubeide/plugins/com.st.stm32cube.ide.mcu.externaltools.gnu-tools-for-stm32.7-2018-q2-update.win32_1.0.0.201904181610/tools/bin/../lib/gcc/arm-none-eabi/7.3.1/../../../../arm-none-eabi/lib/thumb/v7e-m/fpv4-sp/hard\libc_nano.a(lib_a-strlen.o)
 .ARM.attributes
                0x0000000000000977       0x34 c:/st/stm32cubeide_1.2.0/stm32cubeide/plugins/com.st.stm32cube.ide.mcu.externaltools.gnu-tools-for-stm32.7-2018-q2-update.win32_1.0.0.201904181610/tools/bin/../lib/gcc/arm-none-eabi/7.3.1/../../../../arm-none-eabi/lib/thumb/v7e-m/fpv4-sp/hard\libc_nano.a(lib_a-wbuf.o)
 .ARM.attributes
                0x00000000000009ab       0x34 c:/st/stm32cubeide_1.2.0/stm32cubeide/plugins/com.st.stm32cube.ide.mcu.externaltools.gnu-tools-for-stm32.7-2018-q2-update.win32_1.0.0.201904181610/tools/bin/../lib/gcc/arm-none-eabi/7.3.1/../../../../arm-none-eabi/lib/thumb/v7e-m/fpv4-sp/hard\libc_nano.a(lib_a-wsetup.o)
 .ARM.attributes
                0x00000000000009df       0x34 c:/st/stm32cubeide_1.2.0/stm32cubeide/plugins/com.st.stm32cube.ide.mcu.externaltools.gnu-tools-for-stm32.7-2018-q2-update.win32_1.0.0.201904181610/tools/bin/../lib/gcc/arm-none-eabi/7.3.1/../../../../arm-none-eabi/lib/thumb/v7e-m/fpv4-sp/hard\libc_nano.a(lib_a-dtoa.o)
 .ARM.attributes
                0x0000000000000a13       0x34 c:/st/stm32cubeide_1.2.0/stm32cubeide/plugins/com.st.stm32cube.ide.mcu.externaltools.gnu-tools-for-stm32.7-2018-q2-update.win32_1.0.0.201904181610/tools/bin/../lib/gcc/arm-none-eabi/7.3.1/../../../../arm-none-eabi/lib/thumb/v7e-m/fpv4-sp/hard\libc_nano.a(lib_a-fflush.o)
 .ARM.attributes
                0x0000000000000a47       0x34 c:/st/stm32cubeide_1.2.0/stm32cubeide/plugins/com.st.stm32cube.ide.mcu.externaltools.gnu-tools-for-stm32.7-2018-q2-update.win32_1.0.0.201904181610/tools/bin/../lib/gcc/arm-none-eabi/7.3.1/../../../../arm-none-eabi/lib/thumb/v7e-m/fpv4-sp/hard\libc_nano.a(lib_a-findfp.o)
 .ARM.attributes
                0x0000000000000a7b       0x34 c:/st/stm32cubeide_1.2.0/stm32cubeide/plugins/com.st.stm32cube.ide.mcu.externaltools.gnu-tools-for-stm32.7-2018-q2-update.win32_1.0.0.201904181610/tools/bin/../lib/gcc/arm-none-eabi/7.3.1/../../../../arm-none-eabi/lib/thumb/v7e-m/fpv4-sp/hard\libc_nano.a(lib_a-fwalk.o)
 .ARM.attributes