stm32f4xx_hal_adc.c:312:19:HAL_ADC_Init	24	static
stm32f4xx_hal_adc.c:406:19:HAL_ADC_DeInit	24	static
stm32f4xx_hal_adc.c:663:13:HAL_ADC_MspInit	16	static
stm32f4xx_hal_adc.c:678:13:HAL_ADC_MspDeInit	16	static
stm32f4xx_hal_adc.c:717:19:HAL_ADC_Start	24	static
stm32f4xx_hal_adc.c:832:19:HAL_ADC_Stop	16	static
stm32f4xx_hal_adc.c:875:19:HAL_ADC_PollForConversion	24	static
stm32f4xx_hal_adc.c:960:19:HAL_ADC_PollForEvent	32	static
stm32f4xx_hal_adc.c:1022:19:HAL_ADC_Start_IT	24	static
stm32f4xx_hal_adc.c:1139:19:HAL_ADC_Stop_IT	16	static
stm32f4xx_hal_adc.c:1176:6:HAL_ADC_IRQHandler	24	static
stm32f4xx_hal_adc.c:1338:19:HAL_ADC_Start_DMA	32	static
stm32f4xx_hal_adc.c:1471:19:HAL_ADC_Stop_DMA	24	static
stm32f4xx_hal_adc.c:1517:10:HAL_ADC_GetValue	16	static
stm32f4xx_hal_adc.c:1529:13:HAL_ADC_ConvCpltCallback	16	static
stm32f4xx_hal_adc.c:1544:13:HAL_ADC_ConvHalfCpltCallback	16	static
stm32f4xx_hal_adc.c:1559:13:HAL_ADC_LevelOutOfWindowCallback	16	static
stm32f4xx_hal_adc.c:1580:13:HAL_ADC_ErrorCallback	16	static
stm32f4xx_hal_adc.c:1618:19:HAL_ADC_ConfigChannel	24	static
stm32f4xx_hal_adc.c:1741:19:HAL_ADC_AnalogWDGConfig	16	static
stm32f4xx_hal_adc.c:1823:10:HAL_ADC_GetState	16	static
stm32f4xx_hal_adc.c:1835:10:HAL_ADC_GetError	16	static
stm32f4xx_hal_adc.c:1855:13:ADC_Init	24	static
stm32f4xx_hal_adc.c:1943:13:ADC_DMAConvCplt	24	static
stm32f4xx_hal_adc.c:2012:13:ADC_DMAHalfConvCplt	24	static
stm32f4xx_hal_adc.c:2029:13:ADC_DMAError	24	static
