foc.c:16:6:set_dtc	0	static
foc.c:46:6:analog_sample	152	static
foc.c:77:6:abc	32	static
foc.c:91:6:dq0	40	static
foc.c:104:6:svm	48	static
foc.c:119:6:zero_current	24	static
foc.c:143:6:init_controller_params	40	static
foc.c:157:6:reset_foc	0	static
foc.c:175:6:reset_observer	0	static
foc.c:183:6:limit_current_ref	0	static
foc.c:191:6:update_observer	0	static
foc.c:223:7:linearize_dtc	8	static
foc.c:233:6:field_weaken	16	static
foc.c:246:6:commutate	32	static
foc.c:344:6:torque_control	0	static
foc.c:355:6:zero_commands	0	static
