foc.c:16:6:set_dtc	0	static
foc.c:48:6:analog_sample	160	static
foc.c:76:6:abc	32	static
foc.c:90:6:dq0	32	static
foc.c:103:6:svm	48	static
foc.c:116:6:zero_current	32	static
foc.c:139:6:init_controller_params	40	static
foc.c:153:6:reset_foc	0	static
foc.c:171:6:reset_observer	0	static
foc.c:179:6:limit_current_ref	0	static
foc.c:187:6:update_observer	0	static
foc.c:219:7:linearize_dtc	8	static
foc.c:229:6:field_weaken	16	static
foc.c:242:6:commutate	48	static
foc.c:326:6:torque_control	0	static
foc.c:335:6:zero_commands	0	static
