stm32f4xx_flash.c:277:6:FLASH_SetLatency	0	static
stm32f4xx_flash.c:292:6:FLASH_PrefetchBufferCmd	0	static
stm32f4xx_flash.c:314:6:FLASH_InstructionCacheCmd	0	static
stm32f4xx_flash.c:335:6:FLASH_DataCacheCmd	0	static
stm32f4xx_flash.c:356:6:FLASH_InstructionCacheReset	0	static
stm32f4xx_flash.c:367:6:FLASH_DataCacheReset	0	static
stm32f4xx_flash.c:414:6:FLASH_Unlock	0	static
stm32f4xx_flash.c:429:6:FLASH_Lock	0	static
stm32f4xx_flash.c:971:6:FLASH_OB_Unlock	0	static
stm32f4xx_flash.c:986:6:FLASH_OB_Lock	0	static
stm32f4xx_flash.c:1101:6:FLASH_OB_PCROPSelectionConfig	0	static
stm32f4xx_flash.c:1278:6:FLASH_OB_BootConfig	0	static
stm32f4xx_flash.c:1299:6:FLASH_OB_BORConfig	0	static
stm32f4xx_flash.c:1335:9:FLASH_OB_GetUser	0	static
stm32f4xx_flash.c:1346:10:FLASH_OB_GetWRP	0	static
stm32f4xx_flash.c:1360:10:FLASH_OB_GetWRP1	0	static
stm32f4xx_flash.c:1374:10:FLASH_OB_GetPCROP	0	static
stm32f4xx_flash.c:1388:10:FLASH_OB_GetPCROP1	0	static
stm32f4xx_flash.c:1401:12:FLASH_OB_GetRDP	0	static
stm32f4xx_flash.c:1425:9:FLASH_OB_GetBOR	0	static
stm32f4xx_flash.c:1454:6:FLASH_ITConfig	0	static
stm32f4xx_flash.c:1486:12:FLASH_GetFlagStatus	0	static
stm32f4xx_flash.c:1517:6:FLASH_ClearFlag	0	static
stm32f4xx_flash.c:1532:14:FLASH_GetStatus	0	static
stm32f4xx_flash.c:1582:14:FLASH_WaitForLastOperation2	16	static
stm32f4xx_flash.c:472:14:FLASH_EraseSector	16	static
stm32f4xx_flash.c:540:14:FLASH_EraseAllSectors	8	static
stm32f4xx_flash.c:621:14:FLASH_EraseAllBank1Sectors	0	static
stm32f4xx_flash.c:688:14:FLASH_EraseAllBank2Sectors	8	static
stm32f4xx_flash.c:745:14:FLASH_ProgramDoubleWord	24	static
stm32f4xx_flash.c:788:14:FLASH_ProgramWord	16	static
stm32f4xx_flash.c:830:14:FLASH_ProgramHalfWord	16	static
stm32f4xx_flash.c:872:14:FLASH_ProgramByte	16	static
stm32f4xx_flash.c:1009:6:FLASH_OB_WRPConfig	16	static
stm32f4xx_flash.c:1051:6:FLASH_OB_WRP1Config	16	static
stm32f4xx_flash.c:1132:6:FLASH_OB_PCROPConfig	16	static
stm32f4xx_flash.c:1169:6:FLASH_OB_PCROP1Config	16	static
stm32f4xx_flash.c:1205:6:FLASH_OB_RDPConfig	8	static
stm32f4xx_flash.c:1237:6:FLASH_OB_UserConfig	16	static
stm32f4xx_flash.c:1316:14:FLASH_OB_Launch	0	static
