stm32f4xx_it.c:79:6:NMI_Handler	0	static
stm32f4xx_it.c:92:6:HardFault_Handler	0	static
stm32f4xx_it.c:107:6:MemManage_Handler	0	static
stm32f4xx_it.c:122:6:BusFault_Handler	0	static
stm32f4xx_it.c:137:6:UsageFault_Handler	0	static
stm32f4xx_it.c:152:6:SVC_Handler	0	static
stm32f4xx_it.c:165:6:DebugMon_Handler	0	static
stm32f4xx_it.c:178:6:PendSV_Handler	0	static
stm32f4xx_it.c:191:6:SysTick_Handler	0	static
stm32f4xx_it.c:212:6:CAN1_RX0_IRQHandler	0	static
stm32f4xx_it.c:226:6:TIM1_UP_TIM10_IRQHandler	8	static
stm32f4xx_it.c:254:6:USART2_IRQHandler	8	static
