stm32f4xx_it.c:84:6:NMI_Handler	0	static
stm32f4xx_it.c:97:6:HardFault_Handler	0	static
stm32f4xx_it.c:112:6:MemManage_Handler	0	static
stm32f4xx_it.c:127:6:BusFault_Handler	0	static
stm32f4xx_it.c:142:6:UsageFault_Handler	0	static
stm32f4xx_it.c:157:6:SVC_Handler	0	static
stm32f4xx_it.c:170:6:DebugMon_Handler	0	static
stm32f4xx_it.c:183:6:PendSV_Handler	0	static
stm32f4xx_it.c:196:6:SysTick_Handler	0	static
stm32f4xx_it.c:217:6:CAN1_RX0_IRQHandler	104	static
stm32f4xx_it.c:251:6:TIM1_UP_TIM10_IRQHandler	8	static
stm32f4xx_it.c:275:6:USART2_IRQHandler	8	static
